<html>
<body>
<pre>
<h1>µVision Build Log</h1>
<h2>Tool Versions:</h2>
IDE-Version: ¦ÌVision V5.23.0.0
Copyright (C) 2017 ARM Ltd and ARM Germany GmbH. All rights reserved.
License Information: wang shuyun, nanj, LIC=Q7GLQ-NXKKG-166QV-PYJZM-JICFC-VW5JU
 
Tool Versions:
Toolchain:       MDK-ARM Professional  Version: 5.23
Toolchain Path:  C:\Keil_v5\ARM\ARMCC\Bin
C Compiler:      Armcc.exe V5.06 update 4 (build 422)
Assembler:       Armasm.exe V5.06 update 4 (build 422)
Linker/Locator:  ArmLink.exe V5.06 update 4 (build 422)
Library Manager: ArmAr.exe V5.06 update 4 (build 422)
Hex Converter:   FromElf.exe V5.06 update 4 (build 422)
CPU DLL:         SARMCM3.DLL V5.23
Dialog DLL:      DCM.DLL V1.15.0.0
Target DLL:      CMSIS_AGDI.dll V1.27.5.0
Dialog DLL:      TCM.DLL V1.27.0.0
 
<h2>Project:</h2>
E:\Huawei_LiteOS\LiteOS\targets\Standard_GD32F450i_EVAL\MDK-ARM\Huawei_LiteOS.uvprojx
Project File Date:  08/09/2018

<h2>Output:</h2>
*** Using Compiler 'V5.06 update 4 (build 422)', folder: 'C:\Keil_v5\ARM\ARMCC\Bin'
Rebuild target 'HuaweiLiteOS'
assembling los_startup_keil.s...
compiling system_gd32f4xx.c...
compiling dwt.c...
compiling main.c...
compiling sys_init.c...
compiling gd32f450i_eval.c...
compiling usart.c...
compiling los_priqueue.c...
compiling cmsis_liteos.c...
compiling los_swtmr.c...
compiling los_sys.c...
compiling los_task.c...
compiling los_tick.c...
compiling los_timeslice.c...
compiling los_mux.c...
compiling los_queue.c...
compiling los_event.c...
compiling los_sem.c...
compiling los_memory.c...
compiling los_heap.c...
compiling los_slab.c...
compiling los_slabmem.c...
compiling los_misc.c...
compiling los_tickless.c...
compiling los_init.c...
compiling los_err.c...
compiling los_hw.c...
compiling los_memcheck.c...
compiling los_membox.c...
assembling los_dispatch_keil.S...
compiling los_hw_tick.c...
compiling los_hwi.c...
compiling gd32f4xx_ctc.c...
compiling gd32f4xx_dac.c...
compiling gd32f4xx_dbg.c...
compiling gd32f4xx_dci.c...
compiling gd32f4xx_dma.c...
compiling gd32f4xx_enet.c...
compiling gd32f4xx_exmc.c...
compiling gd32f4xx_exti.c...
compiling gd32f4xx_fwdgt.c...
compiling gd32f4xx_fmc.c...
compiling gd32f4xx_gpio.c...
compiling gd32f4xx_i2c.c...
compiling gd32f4xx_ipa.c...
compiling gd32f4xx_iref.c...
compiling gd32f4xx_misc.c...
compiling gd32f4xx_pmu.c...
compiling gd32f4xx_rtc.c...
compiling gd32f4xx_rcu.c...
compiling gd32f4xx_syscfg.c...
compiling gd32f4xx_timer.c...
compiling gd32f4xx_tli.c...
compiling gd32f4xx_trng.c...
compiling gd32f4xx_wwdgt.c...
compiling gd32f4xx_sdio.c...
compiling gd32f4xx_spi.c...
compiling los_api_event.c...
compiling gd32f4xx_usart.c...
compiling los_api_interrupt.c...
compiling los_api_dynamic_mem.c...
compiling los_api_list.c...
compiling los_api_sem.c...
compiling los_api_msgqueue.c...
compiling los_api_mutex.c...
compiling los_api_static_mem.c...
compiling los_api_systick.c...
compiling los_api_timer.c...
compiling los_api_task.c...
compiling los_demo_entry.c...
compiling los_inspect_entry.c...
linking...
Program Size: Code=12982 RO-data=78 RW-data=1360 ZI-data=3480  
".\Objects\Huawei_LiteOS.axf" - 0 Error(s), 0 Warning(s).

<h2>Collection of Component include folders:</h2>
  .\RTE\_HuaweiLiteOS
  C:\Keil_v5\ARM\PACK\GigaDevice\GD32F4xx_DFP\1.0.1\Device\Include

<h2>Collection of Component Files used:</h2>
Build Time Elapsed:  00:00:17
</pre>
</body>
</html>
