Component: ARM Compiler 5.06 update 4 (build 422) Tool: armlink [4d35d2]

==============================================================================

Section Cross References

    los_startup_keil.o(LOS_HEAP) refers (Special) to los_dispatch_keil.o(.text) for osPendSV
    los_startup_keil.o(LOS_HEAP_INFO) refers (Special) to los_dispatch_keil.o(.text) for osPendSV
    los_startup_keil.o(LOS_HEAP_INFO) refers to los_startup_keil.o(LOS_HEAP) for __los_heap_base
    los_startup_keil.o(RESET) refers (Special) to los_dispatch_keil.o(.text) for osPendSV
    los_startup_keil.o(RESET) refers to system_gd32f4xx.o(i.SystemInit) for SystemInit
    los_startup_keil.o(RESET) refers to entry.o(.ARM.Collect$$$$00000000) for __main
    dwt.o(i.delay10ms) refers to dwt.o(i.delayus) for delayus
    dwt.o(i.delayus) refers to los_dispatch_keil.o(.text) for LOS_IntLock
    dwt.o(i.delayus) refers to dwt.o(.data) for cpuclkfeq
    dwt.o(i.dwt_delay_init) refers to dwt.o(.data) for cpuclkfeq
    main.o(i.HardWare_Init) refers to usart.o(i.Debug_USART1_UART_Init) for Debug_USART1_UART_Init
    main.o(i.HardWare_Init) refers to dwt.o(i.dwt_delay_init) for dwt_delay_init
    main.o(i.HardWare_Init) refers to system_gd32f4xx.o(.data) for SystemCoreClock
    main.o(i.creat_main_task) refers to los_task.o(i.LOS_TaskCreate) for LOS_TaskCreate
    main.o(i.creat_main_task) refers to main.o(i.liteos_task) for liteos_task
    main.o(i.creat_main_task) refers to main.o(.data) for g_TskHandle
    main.o(i.liteos_task) refers to gd32f450i_eval.o(i.gd_eval_led_init) for gd_eval_led_init
    main.o(i.liteos_task) refers to gd32f450i_eval.o(i.gd_eval_led_on) for gd_eval_led_on
    main.o(i.liteos_task) refers to dwt.o(i.delay10ms) for delay10ms
    main.o(i.liteos_task) refers to gd32f450i_eval.o(i.gd_eval_led_off) for gd_eval_led_off
    main.o(i.main) refers to main.o(i.HardWare_Init) for HardWare_Init
    main.o(i.main) refers to los_init.o(i.LOS_KernelInit) for LOS_KernelInit
    main.o(i.main) refers to main.o(i.creat_main_task) for creat_main_task
    main.o(i.main) refers to los_init.o(i.LOS_Start) for LOS_Start
    system_gd32f4xx.o(i.SystemCoreClockUpdate) refers to system_gd32f4xx.o(.data) for SystemCoreClock
    system_gd32f4xx.o(i.SystemInit) refers to system_gd32f4xx.o(i.system_clock_config) for system_clock_config
    system_gd32f4xx.o(i.system_clock_config) refers to system_gd32f4xx.o(i.system_clock_120m_irc16m) for system_clock_120m_irc16m
    gd32f450i_eval.o(i.gd_eval_com_init) refers to gd32f4xx_rcu.o(i.rcu_periph_clock_enable) for rcu_periph_clock_enable
    gd32f450i_eval.o(i.gd_eval_com_init) refers to gd32f4xx_gpio.o(i.gpio_af_set) for gpio_af_set
    gd32f450i_eval.o(i.gd_eval_com_init) refers to gd32f4xx_gpio.o(i.gpio_mode_set) for gpio_mode_set
    gd32f450i_eval.o(i.gd_eval_com_init) refers to gd32f4xx_gpio.o(i.gpio_output_options_set) for gpio_output_options_set
    gd32f450i_eval.o(i.gd_eval_com_init) refers to gd32f4xx_usart.o(i.usart_deinit) for usart_deinit
    gd32f450i_eval.o(i.gd_eval_com_init) refers to gd32f4xx_usart.o(i.usart_baudrate_set) for usart_baudrate_set
    gd32f450i_eval.o(i.gd_eval_com_init) refers to gd32f4xx_usart.o(i.usart_receive_config) for usart_receive_config
    gd32f450i_eval.o(i.gd_eval_com_init) refers to gd32f4xx_usart.o(i.usart_transmit_config) for usart_transmit_config
    gd32f450i_eval.o(i.gd_eval_com_init) refers to gd32f4xx_usart.o(i.usart_enable) for usart_enable
    gd32f450i_eval.o(i.gd_eval_com_init) refers to gd32f450i_eval.o(.data) for COM_CLK
    gd32f450i_eval.o(i.gd_eval_key_init) refers to gd32f4xx_rcu.o(i.rcu_periph_clock_enable) for rcu_periph_clock_enable
    gd32f450i_eval.o(i.gd_eval_key_init) refers to gd32f4xx_gpio.o(i.gpio_mode_set) for gpio_mode_set
    gd32f450i_eval.o(i.gd_eval_key_init) refers to gd32f4xx_misc.o(i.nvic_irq_enable) for nvic_irq_enable
    gd32f450i_eval.o(i.gd_eval_key_init) refers to gd32f4xx_syscfg.o(i.syscfg_exti_line_config) for syscfg_exti_line_config
    gd32f450i_eval.o(i.gd_eval_key_init) refers to gd32f4xx_exti.o(i.exti_init) for exti_init
    gd32f450i_eval.o(i.gd_eval_key_init) refers to gd32f4xx_exti.o(i.exti_interrupt_flag_clear) for exti_interrupt_flag_clear
    gd32f450i_eval.o(i.gd_eval_key_init) refers to gd32f450i_eval.o(.data) for KEY_CLK
    gd32f450i_eval.o(i.gd_eval_key_state_get) refers to gd32f4xx_gpio.o(i.gpio_input_bit_get) for gpio_input_bit_get
    gd32f450i_eval.o(i.gd_eval_key_state_get) refers to gd32f450i_eval.o(.data) for KEY_PIN
    gd32f450i_eval.o(i.gd_eval_led_init) refers to gd32f4xx_rcu.o(i.rcu_periph_clock_enable) for rcu_periph_clock_enable
    gd32f450i_eval.o(i.gd_eval_led_init) refers to gd32f4xx_gpio.o(i.gpio_mode_set) for gpio_mode_set
    gd32f450i_eval.o(i.gd_eval_led_init) refers to gd32f4xx_gpio.o(i.gpio_output_options_set) for gpio_output_options_set
    gd32f450i_eval.o(i.gd_eval_led_init) refers to gd32f450i_eval.o(.data) for GPIO_CLK
[...]
    Removing los_api_event.o(i.Example_SndRcvEvent), (292 bytes).
    Removing los_api_event.o(.bss), (12 bytes).
    Removing los_api_event.o(.data), (4 bytes).
    Removing los_api_interrupt.o(.rev16_text), (4 bytes).
    Removing los_api_interrupt.o(.revsh_text), (4 bytes).
    Removing los_api_interrupt.o(.rrx_text), (6 bytes).
    Removing los_api_interrupt.o(i.Example_Exti0_Init), (2 bytes).
    Removing los_api_interrupt.o(i.Example_Interrupt), (44 bytes).
    Removing los_api_interrupt.o(i.User_IRQHandler), (32 bytes).
    Removing los_api_list.o(.rev16_text), (4 bytes).
    Removing los_api_list.o(.revsh_text), (4 bytes).
    Removing los_api_list.o(.rrx_text), (6 bytes).
    Removing los_api_list.o(i.Example_list), (592 bytes).
    Removing los_api_list.o(i.LOS_ListAdd), (14 bytes).
    Removing los_api_msgqueue.o(.rev16_text), (4 bytes).
    Removing los_api_msgqueue.o(.revsh_text), (4 bytes).
    Removing los_api_msgqueue.o(.rrx_text), (6 bytes).
    Removing los_api_msgqueue.o(i.Example_MsgQueue), (300 bytes).
    Removing los_api_msgqueue.o(i.recv_Entry), (252 bytes).
    Removing los_api_msgqueue.o(i.send_Entry), (116 bytes).
    Removing los_api_msgqueue.o(.data), (22 bytes).
    Removing los_api_mutex.o(.rev16_text), (4 bytes).
    Removing los_api_mutex.o(.revsh_text), (4 bytes).
    Removing los_api_mutex.o(.rrx_text), (6 bytes).
    Removing los_api_mutex.o(i.Example_MutexLock), (240 bytes).
    Removing los_api_mutex.o(i.Example_MutexTask1), (328 bytes).
    Removing los_api_mutex.o(i.Example_MutexTask2), (244 bytes).
    Removing los_api_mutex.o(.data), (12 bytes).
    Removing los_api_sem.o(.rev16_text), (4 bytes).
    Removing los_api_sem.o(.revsh_text), (4 bytes).
    Removing los_api_sem.o(.rrx_text), (6 bytes).
    Removing los_api_sem.o(i.Example_SemTask1), (264 bytes).
    Removing los_api_sem.o(i.Example_SemTask2), (216 bytes).
    Removing los_api_sem.o(i.Example_Semphore), (284 bytes).
    Removing los_api_sem.o(.conststring), (67 bytes).
    Removing los_api_sem.o(.data), (12 bytes).
    Removing los_api_static_mem.o(.rev16_text), (4 bytes).
    Removing los_api_static_mem.o(.revsh_text), (4 bytes).
    Removing los_api_static_mem.o(.rrx_text), (6 bytes).
    Removing los_api_static_mem.o(i.Example_StaticMem), (400 bytes).
    Removing los_api_static_mem.o(.bss), (576 bytes).
    Removing los_api_systick.o(.rev16_text), (4 bytes).
    Removing los_api_systick.o(.revsh_text), (4 bytes).
    Removing los_api_systick.o(.rrx_text), (6 bytes).
    Removing los_api_systick.o(i.Example_GetTick), (288 bytes).
    Removing los_api_systick.o(i.Example_TransformTime), (72 bytes).
    Removing los_api_task.o(.rev16_text), (4 bytes).
    Removing los_api_task.o(.revsh_text), (4 bytes).
    Removing los_api_task.o(.rrx_text), (6 bytes).
    Removing los_api_task.o(i.Example_TaskHi), (328 bytes).
    Removing los_api_task.o(i.Example_TaskLo), (272 bytes).
    Removing los_api_task.o(i.Example_TskCaseEntry), (376 bytes).
    Removing los_api_task.o(.data), (8 bytes).
    Removing los_api_timer.o(.rev16_text), (4 bytes).
    Removing los_api_timer.o(.revsh_text), (4 bytes).
    Removing los_api_timer.o(.rrx_text), (6 bytes).
    Removing los_api_timer.o(i.Example_swTimer), (648 bytes).
    Removing los_api_timer.o(i.Timer1_Callback), (88 bytes).
    Removing los_api_timer.o(i.Timer2_Callback), (136 bytes).
    Removing los_api_timer.o(.data), (8 bytes).
    Removing los_demo_entry.o(.rev16_text), (4 bytes).
    Removing los_demo_entry.o(.revsh_text), (4 bytes).
    Removing los_demo_entry.o(.rrx_text), (6 bytes).
    Removing los_demo_entry.o(i.LOS_Demo_Entry), (112 bytes).
    Removing los_demo_entry.o(i.LOS_Demo_Tskfunc), (10 bytes).
    Removing los_demo_entry.o(i.dprintf_none), (8 bytes).
    Removing los_demo_entry.o(.data), (4 bytes).
    Removing los_inspect_entry.o(.rev16_text), (4 bytes).
    Removing los_inspect_entry.o(.revsh_text), (4 bytes).
    Removing los_inspect_entry.o(.rrx_text), (6 bytes).
    Removing los_inspect_entry.o(i.LOS_InspectByID), (356 bytes).
    Removing los_inspect_entry.o(i.LOS_InspectStatusSetByID), (144 bytes).
    Removing los_inspect_entry.o(i.LOS_Inspect_Entry), (76 bytes).
    Removing los_inspect_entry.o(i.LOS_Inspect_TskDeal), (132 bytes).
    Removing los_inspect_entry.o(.data), (168 bytes).
    Removing ddiv.o(.text), (222 bytes).
    Removing dfltui.o(.text), (26 bytes).
    Removing dfltul.o(.text), (24 bytes).
    Removing dfixul.o(.text), (48 bytes).
    Removing depilogue.o(.text), (186 bytes).
    Removing dadd.o(.text), (334 bytes).
    Removing dmul.o(.text), (228 bytes).
    Removing cdrcmple.o(.text), (48 bytes).

1176 unused section(s) (total 73311 bytes) removed from the image.

==============================================================================

Image Symbol Table

    Local Symbols

    Symbol Name                              Value     Ov Type        Size  Object(Section)

    ../clib/../cmprslib/zerorunl2.c          0x00000000   Number         0  __dczerorl2.o ABSOLUTE
    ../clib/microlib/division.c              0x00000000   Number         0  uldiv.o ABSOLUTE
    ../clib/microlib/division.c              0x00000000   Number         0  uidiv.o ABSOLUTE
    ../clib/microlib/init/entry.s            0x00000000   Number         0  entry10a.o ABSOLUTE
    ../clib/microlib/init/entry.s            0x00000000   Number         0  entry3.o ABSOLUTE
    ../clib/microlib/init/entry.s            0x00000000   Number         0  entry5.o ABSOLUTE
    ../clib/microlib/init/entry.s            0x00000000   Number         0  entry7a.o ABSOLUTE
    ../clib/microlib/init/entry.s            0x00000000   Number         0  entry.o ABSOLUTE
    ../clib/microlib/init/entry.s            0x00000000   Number         0  entry11b.o ABSOLUTE
    ../clib/microlib/init/entry.s            0x00000000   Number         0  entry7b.o ABSOLUTE
    ../clib/microlib/init/entry.s            0x00000000   Number         0  entry8a.o ABSOLUTE
    ../clib/microlib/init/entry.s            0x00000000   Number         0  entry8b.o ABSOLUTE
    ../clib/microlib/init/entry.s            0x00000000   Number         0  entry9a.o ABSOLUTE
    ../clib/microlib/init/entry.s            0x00000000   Number         0  entry9b.o ABSOLUTE
    ../clib/microlib/init/entry.s            0x00000000   Number         0  entry10b.o ABSOLUTE
    ../clib/microlib/init/entry.s            0x00000000   Number         0  entry11a.o ABSOLUTE
    ../clib/microlib/longlong.c              0x00000000   Number         0  llushr.o ABSOLUTE
    ../clib/microlib/longlong.c              0x00000000   Number         0  llsshr.o ABSOLUTE
    ../clib/microlib/longlong.c              0x00000000   Number         0  llshl.o ABSOLUTE
    ../clib/microlib/printf/printf.c         0x00000000   Number         0  printf6.o ABSOLUTE
    ../clib/microlib/printf/printf.c         0x00000000   Number         0  printfa.o ABSOLUTE
    ../clib/microlib/printf/printf.c         0x00000000   Number         0  printf8.o ABSOLUTE
    ../clib/microlib/printf/printf.c         0x00000000   Number         0  printf7.o ABSOLUTE
    ../clib/microlib/printf/printf.c         0x00000000   Number         0  printfb.o ABSOLUTE
    ../clib/microlib/printf/printf.c         0x00000000   Number         0  printf5.o ABSOLUTE
    ../clib/microlib/printf/printf.c         0x00000000   Number         0  printf4.o ABSOLUTE
    ../clib/microlib/printf/printf.c         0x00000000   Number         0  printf3.o ABSOLUTE
    ../clib/microlib/printf/printf.c         0x00000000   Number         0  printf2.o ABSOLUTE
    ../clib/microlib/printf/printf.c         0x00000000   Number         0  printf1.o ABSOLUTE
    ../clib/microlib/printf/printf.c         0x00000000   Number         0  printf0.o ABSOLUTE
    ../clib/microlib/printf/stubs.s          0x00000000   Number         0  stubs.o ABSOLUTE
    ../clib/microlib/stdio/streams.c         0x00000000   Number         0  stdout.o ABSOLUTE
    ../clib/microlib/string/memcpy.c         0x00000000   Number         0  memcpya.o ABSOLUTE
    ../clib/microlib/string/memcpy.c         0x00000000   Number         0  memcpyb.o ABSOLUTE
    ../clib/microlib/string/memset.c         0x00000000   Number         0  memseta.o ABSOLUTE
    ../clib/microlib/string/strncpy.c        0x00000000   Number         0  strncpy.o ABSOLUTE
    ../clib/microlib/stubs.s                 0x00000000   Number         0  iusefp.o ABSOLUTE
    ../fplib/microlib/fpadd.c                0x00000000   Number         0  dadd.o ABSOLUTE
    ../fplib/microlib/fpdiv.c                0x00000000   Number         0  ddiv.o ABSOLUTE
    ../fplib/microlib/fpepilogue.c           0x00000000   Number         0  depilogue.o ABSOLUTE
    ../fplib/microlib/fpfix.c                0x00000000   Number         0  dfixul.o ABSOLUTE
    ../fplib/microlib/fpflt.c                0x00000000   Number         0  dfltul.o ABSOLUTE
    ../fplib/microlib/fpflt.c                0x00000000   Number         0  dfltui.o ABSOLUTE
    ../fplib/microlib/fpmul.c                0x00000000   Number         0  dmul.o ABSOLUTE
    ..\..\..\arch\arm\arm-m\cortex-m4\keil\los_dispatch_keil.S 0x00000000   Number         0  los_dispatch_keil.o ABSOLUTE
    ..\..\..\arch\arm\arm-m\src\los_hw.c     0x00000000   Number         0  los_hw.o ABSOLUTE
    ..\..\..\arch\arm\arm-m\src\los_hw_tick.c 0x00000000   Number         0  los_hw_tick.o ABSOLUTE
    ..\..\..\arch\arm\arm-m\src\los_hwi.c    0x00000000   Number         0  los_hwi.o ABSOLUTE
    ..\..\..\components\cmsis\cmsis_liteos.c 0x00000000   Number         0  cmsis_liteos.o ABSOLUTE
    ..\..\..\examples\api\los_api_dynamic_mem.c 0x00000000   Number         0  los_api_dynamic_mem.o ABSOLUTE
    ..\..\..\examples\api\los_api_event.c    0x00000000   Number         0  los_api_event.o ABSOLUTE
    ..\..\..\examples\api\los_api_interrupt.c 0x00000000   Number         0  los_api_interrupt.o ABSOLUTE
    ..\..\..\examples\api\los_api_list.c     0x00000000   Number         0  los_api_list.o ABSOLUTE
    ..\..\..\examples\api\los_api_msgqueue.c 0x00000000   Number         0  los_api_msgqueue.o ABSOLUTE
    ..\..\..\examples\api\los_api_mutex.c    0x00000000   Number         0  los_api_mutex.o ABSOLUTE
    ..\..\..\examples\api\los_api_sem.c      0x00000000   Number         0  los_api_sem.o ABSOLUTE
    ..\..\..\examples\api\los_api_static_mem.c 0x00000000   Number         0  los_api_static_mem.o ABSOLUTE
    ..\..\..\examples\api\los_api_systick.c  0x00000000   Number         0  los_api_systick.o ABSOLUTE
    ..\..\..\examples\api\los_api_task.c     0x00000000   Number         0  los_api_task.o ABSOLUTE
    ..\..\..\examples\api\los_api_timer.c    0x00000000   Number         0  los_api_timer.o ABSOLUTE
    ..\..\..\examples\api\los_demo_entry.c   0x00000000   Number         0  los_demo_entry.o ABSOLUTE
    ..\..\..\examples\api\los_inspect_entry.c 0x00000000   Number         0  los_inspect_entry.o ABSOLUTE
    ..\..\..\kernel\base\core\los_priqueue.c 0x00000000   Number         0  los_priqueue.o ABSOLUTE
    ..\..\..\kernel\base\core\los_swtmr.c    0x00000000   Number         0  los_swtmr.o ABSOLUTE
    ..\..\..\kernel\base\core\los_sys.c      0x00000000   Number         0  los_sys.o ABSOLUTE
    ..\..\..\kernel\base\core\los_task.c     0x00000000   Number         0  los_task.o ABSOLUTE
    ..\..\..\kernel\base\core\los_tick.c     0x00000000   Number         0  los_tick.o ABSOLUTE
    ..\..\..\kernel\base\core\los_timeslice.c 0x00000000   Number         0  los_timeslice.o ABSOLUTE
    ..\..\..\kernel\base\ipc\los_event.c     0x00000000   Number         0  los_event.o ABSOLUTE
    ..\..\..\kernel\base\ipc\los_mux.c       0x00000000   Number         0  los_mux.o ABSOLUTE
    ..\..\..\kernel\base\ipc\los_queue.c     0x00000000   Number         0  los_queue.o ABSOLUTE
    ..\..\..\kernel\base\ipc\los_sem.c       0x00000000   Number         0  los_sem.o ABSOLUTE
    ..\..\..\kernel\base\mem\bestfit_little\los_heap.c 0x00000000   Number         0  los_heap.o ABSOLUTE
    ..\..\..\kernel\base\mem\bestfit_little\los_memory.c 0x00000000   Number         0  los_memory.o ABSOLUTE
    ..\..\..\kernel\base\mem\common\los_memcheck.c 0x00000000   Number         0  los_memcheck.o ABSOLUTE
    ..\..\..\kernel\base\mem\common\los_slab.c 0x00000000   Number         0  los_slab.o ABSOLUTE
    ..\..\..\kernel\base\mem\common\los_slabmem.c 0x00000000   Number         0  los_slabmem.o ABSOLUTE
    ..\..\..\kernel\base\mem\membox\los_membox.c 0x00000000   Number         0  los_membox.o ABSOLUTE
    ..\..\..\kernel\base\misc\los_misc.c     0x00000000   Number         0  los_misc.o ABSOLUTE
    ..\..\..\kernel\base\om\los_err.c        0x00000000   Number         0  los_err.o ABSOLUTE
    ..\..\..\kernel\extended\tickless\los_tickless.c 0x00000000   Number         0  los_tickless.o ABSOLUTE
    ..\..\..\kernel\los_init.c               0x00000000   Number         0  los_init.o ABSOLUTE
    ..\Drivers\GD32F4xx_standard_peripheral\Source\gd32f4xx_ctc.c 0x00000000   Number         0  gd32f4xx_ctc.o ABSOLUTE
    ..\Drivers\GD32F4xx_standard_peripheral\Source\gd32f4xx_dac.c 0x00000000   Number         0  gd32f4xx_dac.o ABSOLUTE
    ..\Drivers\GD32F4xx_standard_peripheral\Source\gd32f4xx_dbg.c 0x00000000   Number         0  gd32f4xx_dbg.o ABSOLUTE
    ..\Drivers\GD32F4xx_standard_peripheral\Source\gd32f4xx_dci.c 0x00000000   Number         0  gd32f4xx_dci.o ABSOLUTE
    ..\Drivers\GD32F4xx_standard_peripheral\Source\gd32f4xx_dma.c 0x00000000   Number         0  gd32f4xx_dma.o ABSOLUTE
    ..\Drivers\GD32F4xx_standard_peripheral\Source\gd32f4xx_enet.c 0x00000000   Number         0  gd32f4xx_enet.o ABSOLUTE
    ..\Drivers\GD32F4xx_standard_peripheral\Source\gd32f4xx_exmc.c 0x00000000   Number         0  gd32f4xx_exmc.o ABSOLUTE
    ..\Drivers\GD32F4xx_standard_peripheral\Source\gd32f4xx_exti.c 0x00000000   Number         0  gd32f4xx_exti.o ABSOLUTE
    ..\Drivers\GD32F4xx_standard_peripheral\Source\gd32f4xx_fmc.c 0x00000000   Number         0  gd32f4xx_fmc.o ABSOLUTE
    ..\Drivers\GD32F4xx_standard_peripheral\Source\gd32f4xx_fwdgt.c 0x00000000   Number         0  gd32f4xx_fwdgt.o ABSOLUTE
    ..\Drivers\GD32F4xx_standard_peripheral\Source\gd32f4xx_gpio.c 0x00000000   Number         0  gd32f4xx_gpio.o ABSOLUTE
    ..\Drivers\GD32F4xx_standard_peripheral\Source\gd32f4xx_i2c.c 0x00000000   Number         0  gd32f4xx_i2c.o ABSOLUTE
    ..\Drivers\GD32F4xx_standard_peripheral\Source\gd32f4xx_ipa.c 0x00000000   Number         0  gd32f4xx_ipa.o ABSOLUTE
    ..\Drivers\GD32F4xx_standard_peripheral\Source\gd32f4xx_iref.c 0x00000000   Number         0  gd32f4xx_iref.o ABSOLUTE
    ..\Drivers\GD32F4xx_standard_peripheral\Source\gd32f4xx_misc.c 0x00000000   Number         0  gd32f4xx_misc.o ABSOLUTE
    ..\Drivers\GD32F4xx_standard_peripheral\Source\gd32f4xx_pmu.c 0x00000000   Number         0  gd32f4xx_pmu.o ABSOLUTE
    ..\Drivers\GD32F4xx_standard_peripheral\Source\gd32f4xx_rcu.c 0x00000000   Number         0  gd32f4xx_rcu.o ABSOLUTE
    ..\Drivers\GD32F4xx_standard_peripheral\Source\gd32f4xx_rtc.c 0x00000000   Number         0  gd32f4xx_rtc.o ABSOLUTE
    ..\Drivers\GD32F4xx_standard_peripheral\Source\gd32f4xx_sdio.c 0x00000000   Number         0  gd32f4xx_sdio.o ABSOLUTE
    ..\Drivers\GD32F4xx_standard_peripheral\Source\gd32f4xx_spi.c 0x00000000   Number         0  gd32f4xx_spi.o ABSOLUTE
    ..\Drivers\GD32F4xx_standard_peripheral\Source\gd32f4xx_syscfg.c 0x00000000   Number         0  gd32f4xx_syscfg.o ABSOLUTE
    ..\Drivers\GD32F4xx_standard_peripheral\Source\gd32f4xx_timer.c 0x00000000   Number         0  gd32f4xx_timer.o ABSOLUTE
    ..\Drivers\GD32F4xx_standard_peripheral\Source\gd32f4xx_tli.c 0x00000000   Number         0  gd32f4xx_tli.o ABSOLUTE
    ..\Drivers\GD32F4xx_standard_peripheral\Source\gd32f4xx_trng.c 0x00000000   Number         0  gd32f4xx_trng.o ABSOLUTE
    ..\Drivers\GD32F4xx_standard_peripheral\Source\gd32f4xx_usart.c 0x00000000   Number         0  gd32f4xx_usart.o ABSOLUTE
    ..\Drivers\GD32F4xx_standard_peripheral\Source\gd32f4xx_wwdgt.c 0x00000000   Number         0  gd32f4xx_wwdgt.o ABSOLUTE
    ..\Src\dwt.c                             0x00000000   Number         0  dwt.o ABSOLUTE
    ..\Src\gd32f450i_eval.c                  0x00000000   Number         0  gd32f450i_eval.o ABSOLUTE
    ..\Src\main.c                            0x00000000   Number         0  main.o ABSOLUTE
    ..\Src\sys_init.c                        0x00000000   Number         0  sys_init.o ABSOLUTE
    ..\Src\system_gd32f4xx.c                 0x00000000   Number         0  system_gd32f4xx.o ABSOLUTE
    ..\Src\usart.c                           0x00000000   Number         0  usart.o ABSOLUTE
    ..\\..\\..\\arch\\arm\\arm-m\\src\\los_hw.c 0x00000000   Number         0  los_hw.o ABSOLUTE
    ..\\..\\..\\arch\\arm\\arm-m\\src\\los_hw_tick.c 0x00000000   Number         0  los_hw_tick.o ABSOLUTE
    ..\\..\\..\\arch\\arm\\arm-m\\src\\los_hwi.c 0x00000000   Number         0  los_hwi.o ABSOLUTE
    ..\\..\\..\\components\\cmsis\\cmsis_liteos.c 0x00000000   Number         0  cmsis_liteos.o ABSOLUTE
    ..\\..\\..\\examples\\api\\los_api_dynamic_mem.c 0x00000000   Number         0  los_api_dynamic_mem.o ABSOLUTE
    ..\\..\\..\\examples\\api\\los_api_event.c 0x00000000   Number         0  los_api_event.o ABSOLUTE
    ..\\..\\..\\examples\\api\\los_api_interrupt.c 0x00000000   Number         0  los_api_interrupt.o ABSOLUTE
    ..\\..\\..\\examples\\api\\los_api_list.c 0x00000000   Number         0  los_api_list.o ABSOLUTE
    ..\\..\\..\\examples\\api\\los_api_msgqueue.c 0x00000000   Number         0  los_api_msgqueue.o ABSOLUTE
    ..\\..\\..\\examples\\api\\los_api_mutex.c 0x00000000   Number         0  los_api_mutex.o ABSOLUTE
    ..\\..\\..\\examples\\api\\los_api_sem.c 0x00000000   Number         0  los_api_sem.o ABSOLUTE
    ..\\..\\..\\examples\\api\\los_api_static_mem.c 0x00000000   Number         0  los_api_static_mem.o ABSOLUTE
    ..\\..\\..\\examples\\api\\los_api_systick.c 0x00000000   Number         0  los_api_systick.o ABSOLUTE
    ..\\..\\..\\examples\\api\\los_api_task.c 0x00000000   Number         0  los_api_task.o ABSOLUTE
    ..\\..\\..\\examples\\api\\los_api_timer.c 0x00000000   Number         0  los_api_timer.o ABSOLUTE
    ..\\..\\..\\examples\\api\\los_demo_entry.c 0x00000000   Number         0  los_demo_entry.o ABSOLUTE
    ..\\..\\..\\examples\\api\\los_inspect_entry.c 0x00000000   Number         0  los_inspect_entry.o ABSOLUTE
    ..\\..\\..\\kernel\\base\\core\\los_priqueue.c 0x00000000   Number         0  los_priqueue.o ABSOLUTE
    ..\\..\\..\\kernel\\base\\core\\los_swtmr.c 0x00000000   Number         0  los_swtmr.o ABSOLUTE
    ..\\..\\..\\kernel\\base\\core\\los_sys.c 0x00000000   Number         0  los_sys.o ABSOLUTE
    ..\\..\\..\\kernel\\base\\core\\los_task.c 0x00000000   Number         0  los_task.o ABSOLUTE
    ..\\..\\..\\kernel\\base\\core\\los_tick.c 0x00000000   Number         0  los_tick.o ABSOLUTE
    ..\\..\\..\\kernel\\base\\core\\los_timeslice.c 0x00000000   Number         0  los_timeslice.o ABSOLUTE
    ..\\..\\..\\kernel\\base\\ipc\\los_event.c 0x00000000   Number         0  los_event.o ABSOLUTE
    ..\\..\\..\\kernel\\base\\ipc\\los_mux.c 0x00000000   Number         0  los_mux.o ABSOLUTE
    ..\\..\\..\\kernel\\base\\ipc\\los_queue.c 0x00000000   Number         0  los_queue.o ABSOLUTE
    ..\\..\\..\\kernel\\base\\ipc\\los_sem.c 0x00000000   Number         0  los_sem.o ABSOLUTE
    ..\\..\\..\\kernel\\base\\mem\\bestfit_little\\los_heap.c 0x00000000   Number         0  los_heap.o ABSOLUTE
    ..\\..\\..\\kernel\\base\\mem\\bestfit_little\\los_memory.c 0x00000000   Number         0  los_memory.o ABSOLUTE
    ..\\..\\..\\kernel\\base\\mem\\common\\los_memcheck.c 0x00000000   Number         0  los_memcheck.o ABSOLUTE
    ..\\..\\..\\kernel\\base\\mem\\common\\los_slab.c 0x00000000   Number         0  los_slab.o ABSOLUTE
    ..\\..\\..\\kernel\\base\\mem\\common\\los_slabmem.c 0x00000000   Number         0  los_slabmem.o ABSOLUTE
    ..\\..\\..\\kernel\\base\\mem\\membox\\los_membox.c 0x00000000   Number         0  los_membox.o ABSOLUTE
    ..\\..\\..\\kernel\\base\\misc\\los_misc.c 0x00000000   Number         0  los_misc.o ABSOLUTE
    ..\\..\\..\\kernel\\base\\om\\los_err.c  0x00000000   Number         0  los_err.o ABSOLUTE
    ..\\..\\..\\kernel\\extended\\tickless\\los_tickless.c 0x00000000   Number         0  los_tickless.o ABSOLUTE
    ..\\..\\..\\kernel\\los_init.c           0x00000000   Number         0  los_init.o ABSOLUTE
    ..\\Drivers\\GD32F4xx_standard_peripheral\\Source\\gd32f4xx_ctc.c 0x00000000   Number         0  gd32f4xx_ctc.o ABSOLUTE
    ..\\Drivers\\GD32F4xx_standard_peripheral\\Source\\gd32f4xx_dac.c 0x00000000   Number         0  gd32f4xx_dac.o ABSOLUTE
    ..\\Drivers\\GD32F4xx_standard_peripheral\\Source\\gd32f4xx_dbg.c 0x00000000   Number         0  gd32f4xx_dbg.o ABSOLUTE
    ..\\Drivers\\GD32F4xx_standard_peripheral\\Source\\gd32f4xx_dci.c 0x00000000   Number         0  gd32f4xx_dci.o ABSOLUTE
    ..\\Drivers\\GD32F4xx_standard_peripheral\\Source\\gd32f4xx_dma.c 0x00000000   Number         0  gd32f4xx_dma.o ABSOLUTE
    ..\\Drivers\\GD32F4xx_standard_peripheral\\Source\\gd32f4xx_enet.c 0x00000000   Number         0  gd32f4xx_enet.o ABSOLUTE
    ..\\Drivers\\GD32F4xx_standard_peripheral\\Source\\gd32f4xx_exmc.c 0x00000000   Number         0  gd32f4xx_exmc.o ABSOLUTE
    ..\\Drivers\\GD32F4xx_standard_peripheral\\Source\\gd32f4xx_exti.c 0x00000000   Number         0  gd32f4xx_exti.o ABSOLUTE
    ..\\Drivers\\GD32F4xx_standard_peripheral\\Source\\gd32f4xx_fmc.c 0x00000000   Number         0  gd32f4xx_fmc.o ABSOLUTE
    ..\\Drivers\\GD32F4xx_standard_peripheral\\Source\\gd32f4xx_fwdgt.c 0x00000000   Number         0  gd32f4xx_fwdgt.o ABSOLUTE
    ..\\Drivers\\GD32F4xx_standard_peripheral\\Source\\gd32f4xx_gpio.c 0x00000000   Number         0  gd32f4xx_gpio.o ABSOLUTE
    ..\\Drivers\\GD32F4xx_standard_peripheral\\Source\\gd32f4xx_i2c.c 0x00000000   Number         0  gd32f4xx_i2c.o ABSOLUTE
    ..\\Drivers\\GD32F4xx_standard_peripheral\\Source\\gd32f4xx_ipa.c 0x00000000   Number         0  gd32f4xx_ipa.o ABSOLUTE
    ..\\Drivers\\GD32F4xx_standard_peripheral\\Source\\gd32f4xx_iref.c 0x00000000   Number         0  gd32f4xx_iref.o ABSOLUTE
    ..\\Drivers\\GD32F4xx_standard_peripheral\\Source\\gd32f4xx_misc.c 0x00000000   Number         0  gd32f4xx_misc.o ABSOLUTE
    ..\\Drivers\\GD32F4xx_standard_peripheral\\Source\\gd32f4xx_pmu.c 0x00000000   Number         0  gd32f4xx_pmu.o ABSOLUTE
    ..\\Drivers\\GD32F4xx_standard_peripheral\\Source\\gd32f4xx_rcu.c 0x00000000   Number         0  gd32f4xx_rcu.o ABSOLUTE
    ..\\Drivers\\GD32F4xx_standard_peripheral\\Source\\gd32f4xx_rtc.c 0x00000000   Number         0  gd32f4xx_rtc.o ABSOLUTE
    ..\\Drivers\\GD32F4xx_standard_peripheral\\Source\\gd32f4xx_sdio.c 0x00000000   Number         0  gd32f4xx_sdio.o ABSOLUTE
    ..\\Drivers\\GD32F4xx_standard_peripheral\\Source\\gd32f4xx_spi.c 0x00000000   Number         0  gd32f4xx_spi.o ABSOLUTE
    ..\\Drivers\\GD32F4xx_standard_peripheral\\Source\\gd32f4xx_syscfg.c 0x00000000   Number         0  gd32f4xx_syscfg.o ABSOLUTE
    ..\\Drivers\\GD32F4xx_standard_peripheral\\Source\\gd32f4xx_timer.c 0x00000000   Number         0  gd32f4xx_timer.o ABSOLUTE
    ..\\Drivers\\GD32F4xx_standard_peripheral\\Source\\gd32f4xx_tli.c 0x00000000   Number         0  gd32f4xx_tli.o ABSOLUTE
    ..\\Drivers\\GD32F4xx_standard_peripheral\\Source\\gd32f4xx_trng.c 0x00000000   Number         0  gd32f4xx_trng.o ABSOLUTE
    ..\\Drivers\\GD32F4xx_standard_peripheral\\Source\\gd32f4xx_usart.c 0x00000000   Number         0  gd32f4xx_usart.o ABSOLUTE
    ..\\Drivers\\GD32F4xx_standard_peripheral\\Source\\gd32f4xx_wwdgt.c 0x00000000   Number         0  gd32f4xx_wwdgt.o ABSOLUTE
    ..\\Src\\dwt.c                           0x00000000   Number         0  dwt.o ABSOLUTE
    ..\\Src\\gd32f450i_eval.c                0x00000000   Number         0  gd32f450i_eval.o ABSOLUTE
    ..\\Src\\main.c                          0x00000000   Number         0  main.o ABSOLUTE
    ..\\Src\\sys_init.c                      0x00000000   Number         0  sys_init.o ABSOLUTE
    ..\\Src\\system_gd32f4xx.c               0x00000000   Number         0  system_gd32f4xx.o ABSOLUTE
    ..\\Src\\usart.c                         0x00000000   Number         0  usart.o ABSOLUTE
    cdrcmple.s                               0x00000000   Number         0  cdrcmple.o ABSOLUTE
    dc.s                                     0x00000000   Number         0  dc.o ABSOLUTE
    handlers.s                               0x00000000   Number         0  handlers.o ABSOLUTE
    init.s                                   0x00000000   Number         0  init.o ABSOLUTE
    los_startup_keil.s                       0x00000000   Number         0  los_startup_keil.o ABSOLUTE
    RESET                                    0x08000000   Section       44  los_startup_keil.o(RESET)
    $v0                                      0x08000008   Number         0  los_startup_keil.o(RESET)
    .ARM.Collect$$$$00000000                 0x0800002c   Section        0  entry.o(.ARM.Collect$$$$00000000)
    .ARM.Collect$$$$00000002                 0x0800002c   Section        4  entry3.o(.ARM.Collect$$$$00000002)
    .ARM.Collect$$$$00000004                 0x08000030   Section        4  entry5.o(.ARM.Collect$$$$00000004)
    .ARM.Collect$$$$00000008                 0x08000034   Section        0  entry7b.o(.ARM.Collect$$$$00000008)
    .ARM.Collect$$$$0000000A                 0x08000034   Section        0  entry8b.o(.ARM.Collect$$$$0000000A)
    .ARM.Collect$$$$0000000B                 0x08000034   Section        8  entry9a.o(.ARM.Collect$$$$0000000B)
    .ARM.Collect$$$$0000000D                 0x0800003c   Section        0  entry10a.o(.ARM.Collect$$$$0000000D)
    .ARM.Collect$$$$0000000F                 0x0800003c   Section        0  entry11a.o(.ARM.Collect$$$$0000000F)
    .ARM.Collect$$$$00002713                 0x0800003c   Section        4  entry3.o(.ARM.Collect$$$$00002713)
    __lit__00000000                          0x0800003c   Data           4  entry3.o(.ARM.Collect$$$$00002713)
    .text                                    0x08000040   Section      236  los_dispatch_keil.o(.text)
    $v0                                      0x08000040   Number         0  los_dispatch_keil.o(.text)
    .text                                    0x0800012c   Section        0  uldiv.o(.text)
    .text                                    0x0800018e   Section        0  memcpya.o(.text)
    .text                                    0x080001b2   Section        0  memseta.o(.text)
    .text                                    0x080001d6   Section        0  llshl.o(.text)
    .text                                    0x080001f4   Section        0  llushr.o(.text)
    .text                                    0x08000214   Section       36  init.o(.text)
    .text                                    0x08000238   Section        0  __dczerorl2.o(.text)
    i.Debug_USART1_UART_Init                 0x08000290   Section        0  usart.o(i.Debug_USART1_UART_Init)
    i.HardWare_Init                          0x08000340   Section        0  main.o(i.HardWare_Init)
    i.LOS_Align                              0x08000354   Section        0  los_misc.o(i.LOS_Align)
    i.LOS_KernelInit                         0x08000370   Section        0  los_init.o(i.LOS_KernelInit)
    i.LOS_ListAdd                            0x0800048c   Section        0  los_task.o(i.LOS_ListAdd)
    LOS_ListAdd                              0x0800048d   Thumb Code    14  los_task.o(i.LOS_ListAdd)
    i.LOS_ListAdd                            0x0800049a   Section        0  los_mux.o(i.LOS_ListAdd)
    LOS_ListAdd                              0x0800049b   Thumb Code    14  los_mux.o(i.LOS_ListAdd)
    i.LOS_ListAdd                            0x080004a8   Section        0  los_queue.o(i.LOS_ListAdd)
    LOS_ListAdd                              0x080004a9   Thumb Code    14  los_queue.o(i.LOS_ListAdd)
    i.LOS_ListAdd                            0x080004b6   Section        0  los_sem.o(i.LOS_ListAdd)
    LOS_ListAdd                              0x080004b7   Thumb Code    14  los_sem.o(i.LOS_ListAdd)
    i.LOS_ListDelete                         0x080004c4   Section        0  los_task.o(i.LOS_ListDelete)
    LOS_ListDelete                           0x080004c5   Thumb Code    20  los_task.o(i.LOS_ListDelete)
    i.LOS_ListEmpty                          0x080004d8   Section        0  los_priqueue.o(i.LOS_ListEmpty)
    LOS_ListEmpty                            0x080004d9   Thumb Code    16  los_priqueue.o(i.LOS_ListEmpty)
    i.LOS_ListEmpty                          0x080004e8   Section        0  los_task.o(i.LOS_ListEmpty)
    LOS_ListEmpty                            0x080004e9   Thumb Code    16  los_task.o(i.LOS_ListEmpty)
    i.LOS_ListEmpty                          0x080004f8   Section        0  los_queue.o(i.LOS_ListEmpty)
    LOS_ListEmpty                            0x080004f9   Thumb Code    16  los_queue.o(i.LOS_ListEmpty)
    i.LOS_ListInit                           0x08000508   Section        0  los_task.o(i.LOS_ListInit)
    LOS_ListInit                             0x08000509   Thumb Code     6  los_task.o(i.LOS_ListInit)
    i.LOS_ListInit                           0x0800050e   Section        0  los_mux.o(i.LOS_ListInit)
    LOS_ListInit                             0x0800050f   Thumb Code     6  los_mux.o(i.LOS_ListInit)
    i.LOS_ListInit                           0x08000514   Section        0  los_queue.o(i.LOS_ListInit)
    LOS_ListInit                             0x08000515   Thumb Code     6  los_queue.o(i.LOS_ListInit)
    i.LOS_ListInit                           0x0800051a   Section        0  los_sem.o(i.LOS_ListInit)
    LOS_ListInit                             0x0800051b   Thumb Code     6  los_sem.o(i.LOS_ListInit)
    i.LOS_ListTailInsert                     0x08000520   Section        0  los_task.o(i.LOS_ListTailInsert)
    LOS_ListTailInsert                       0x08000521   Thumb Code    16  los_task.o(i.LOS_ListTailInsert)
    i.LOS_MemAlloc                           0x08000530   Section        0  los_memory.o(i.LOS_MemAlloc)
    i.LOS_MemAllocAlign                      0x0800055a   Section        0  los_memory.o(i.LOS_MemAllocAlign)
    i.LOS_MemFree                            0x0800056e   Section        0  los_memory.o(i.LOS_MemFree)
    i.LOS_MemInit                            0x080005a4   Section        0  los_memory.o(i.LOS_MemInit)
    i.LOS_QueueCreate                        0x080006b0   Section        0  los_queue.o(i.LOS_QueueCreate)
    i.LOS_QueueReadCopy                      0x08000790   Section        0  los_queue.o(i.LOS_QueueReadCopy)
    i.LOS_QueueWriteCopy                     0x080007c6   Section        0  los_queue.o(i.LOS_QueueWriteCopy)
    i.LOS_Schedule                           0x080007fc   Section        0  los_hw.o(i.LOS_Schedule)
    i.LOS_Start                              0x0800083c   Section        0  los_init.o(i.LOS_Start)
    i.LOS_TaskCreate                         0x08000880   Section        0  los_task.o(i.LOS_TaskCreate)
    i.LOS_TaskCreateOnly                     0x0800091c   Section        0  los_task.o(i.LOS_TaskCreateOnly)
    i.LOS_TaskDelete                         0x08000aa4   Section        0  los_task.o(i.LOS_TaskDelete)
    i.LOS_TaskYield                          0x08000c1c   Section        0  los_task.o(i.LOS_TaskYield)
    i.LOS_TickCountGet                       0x08000cb0   Section        0  los_sys.o(i.LOS_TickCountGet)
    i.SystemInit                             0x08000cbc   Section        0  system_gd32f4xx.o(i.SystemInit)
    i.__0printf$8                            0x08000d34   Section        0  printf8.o(i.__0printf$8)
    i.__scatterload_copy                     0x08000d54   Section       14  handlers.o(i.__scatterload_copy)
    i.__scatterload_null                     0x08000d62   Section        2  handlers.o(i.__scatterload_null)
    i.__scatterload_zeroinit                 0x08000d64   Section       14  handlers.o(i.__scatterload_zeroinit)
    i._printf_core                           0x08000d74   Section        0  printf8.o(i._printf_core)
    _printf_core                             0x08000d75   Thumb Code   996  printf8.o(i._printf_core)
    i._printf_post_padding                   0x08001184   Section        0  printf8.o(i._printf_post_padding)
    _printf_post_padding                     0x08001185   Thumb Code    36  printf8.o(i._printf_post_padding)
    i._printf_pre_padding                    0x080011a8   Section        0  printf8.o(i._printf_pre_padding)
    _printf_pre_padding                      0x080011a9   Thumb Code    46  printf8.o(i._printf_pre_padding)
    i.creat_main_task                        0x080011d8   Section        0  main.o(i.creat_main_task)
    i.delay10ms                              0x0800121c   Section        0  dwt.o(i.delay10ms)
    i.delayus                                0x08001230   Section        0  dwt.o(i.delayus)
    i.dwt_delay_init                         0x0800128c   Section        0  dwt.o(i.dwt_delay_init)
    i.fputc                                  0x080012bc   Section        0  usart.o(i.fputc)
    i.gd_eval_led_init                       0x080012d4   Section        0  gd32f450i_eval.o(i.gd_eval_led_init)
    i.gd_eval_led_off                        0x08001328   Section        0  gd32f450i_eval.o(i.gd_eval_led_off)
    i.gd_eval_led_on                         0x08001340   Section        0  gd32f450i_eval.o(i.gd_eval_led_on)
    i.gpio_af_set                            0x08001358   Section        0  gd32f4xx_gpio.o(i.gpio_af_set)
    i.gpio_mode_set                          0x080013b6   Section        0  gd32f4xx_gpio.o(i.gpio_mode_set)
    i.gpio_output_options_set                0x08001404   Section        0  gd32f4xx_gpio.o(i.gpio_output_options_set)
    i.liteos_task                            0x08001446   Section        0  main.o(i.liteos_task)
    i.main                                   0x08001498   Section        0  main.o(i.main)
    i.osAlarmHeapInfo                        0x080014c0   Section        0  los_heap.o(i.osAlarmHeapInfo)
    i.osAtomicBitsetClearBit                 0x080014e4   Section        0  los_slab.o(i.osAtomicBitsetClearBit)
    i.osAtomicBitsetFindClearAndSet          0x08001508   Section        0  los_slab.o(i.osAtomicBitsetFindClearAndSet)
    i.osAtomicBitsetGetBit                   0x08001558   Section        0  los_slab.o(i.osAtomicBitsetGetBit)
    i.osAtomicBitsetGetNumBits               0x08001582   Section        0  los_slab.o(i.osAtomicBitsetGetNumBits)
    i.osAtomicBitsetInit                     0x08001588   Section        0  los_slab.o(i.osAtomicBitsetInit)
    i.osHeapAlloc                            0x080015b8   Section        0  los_heap.o(i.osHeapAlloc)
    i.osHeapAllocAlign                       0x08001720   Section        0  los_heap.o(i.osHeapAllocAlign)
    i.osHeapFree                             0x0800177c   Section        0  los_heap.o(i.osHeapFree)
    i.osHeapInit                             0x080018bc   Section        0  los_heap.o(i.osHeapInit)
    i.osHeapPrvGetNext                       0x08001900   Section        0  los_heap.o(i.osHeapPrvGetNext)
    i.osHeapStatisticsGet                    0x0800191c   Section        0  los_heap.o(i.osHeapStatisticsGet)
    i.osHwiDefaultHandler                    0x08001980   Section        0  los_hwi.o(i.osHwiDefaultHandler)
    i.osHwiInit                              0x080019bc   Section        0  los_hwi.o(i.osHwiInit)
    i.osIdleTask                             0x08001a08   Section        0  los_task.o(i.osIdleTask)
    i.osIdleTaskCreate                       0x08001a0c   Section        0  los_task.o(i.osIdleTaskCreate)
    i.osIntNumGet                            0x08001a58   Section        0  los_hwi.o(i.osIntNumGet)
    i.osInterrupt                            0x08001a60   Section        0  los_hwi.o(i.osInterrupt)
    i.osMemSystemInit                        0x08001ab0   Section        0  los_memory.o(i.osMemSystemInit)
    i.osMuxInit                              0x08001ad8   Section        0  los_mux.o(i.osMuxInit)
    i.osPriqueueDequeue                      0x08001b3c   Section        0  los_priqueue.o(i.osPriqueueDequeue)
    i.osPriqueueEnqueue                      0x08001b88   Section        0  los_priqueue.o(i.osPriqueueEnqueue)
    i.osPriqueueInit                         0x08001bd0   Section        0  los_priqueue.o(i.osPriqueueInit)
    i.osPriqueueSize                         0x08001c18   Section        0  los_priqueue.o(i.osPriqueueSize)
    i.osPriqueueTop                          0x08001c40   Section        0  los_priqueue.o(i.osPriqueueTop)
    i.osQueueBufferOperate                   0x08001c68   Section        0  los_queue.o(i.osQueueBufferOperate)
    osQueueBufferOperate                     0x08001c69   Thumb Code   226  los_queue.o(i.osQueueBufferOperate)
    i.osQueueInit                            0x08001d74   Section        0  los_queue.o(i.osQueueInit)
    i.osQueueOperate                         0x08001de4   Section        0  los_queue.o(i.osQueueOperate)
    i.osQueueReadParameterCheck              0x08001f6c   Section        0  los_queue.o(i.osQueueReadParameterCheck)
    osQueueReadParameterCheck                0x08001f6d   Thumb Code    50  los_queue.o(i.osQueueReadParameterCheck)
    i.osQueueWriteParameterCheck             0x08001fa8   Section        0  los_queue.o(i.osQueueWriteParameterCheck)
    osQueueWriteParameterCheck               0x08001fa9   Thumb Code    48  los_queue.o(i.osQueueWriteParameterCheck)
    i.osRegister                             0x08001fe0   Section        0  los_init.o(i.osRegister)
    osRegister                               0x08001fe1   Thumb Code     8  los_init.o(i.osRegister)
    i.osSchedule                             0x08001fec   Section        0  los_hw.o(i.osSchedule)
    i.osSemInit                              0x08001ff4   Section        0  los_sem.o(i.osSemInit)
    i.osSlabAllocatorAlloc                   0x08002054   Section        0  los_slab.o(i.osSlabAllocatorAlloc)
    i.osSlabAllocatorFree                    0x08002072   Section        0  los_slab.o(i.osSlabAllocatorFree)
    i.osSlabAllocatorNew                     0x080020ba   Section        0  los_slab.o(i.osSlabAllocatorNew)
    i.osSlabBlockHeadFill                    0x08002116   Section        0  los_slabmem.o(i.osSlabBlockHeadFill)
    i.osSlabCtrlHdrGet                       0x08002128   Section        0  los_memory.o(i.osSlabCtrlHdrGet)
    i.osSlabMemAlloc                         0x08002130   Section        0  los_slabmem.o(i.osSlabMemAlloc)
    i.osSlabMemFree                          0x080021d0   Section        0  los_slabmem.o(i.osSlabMemFree)
    i.osSlabMemInit                          0x08002244   Section        0  los_slabmem.o(i.osSlabMemInit)
    i.osSwTmrInit                            0x080022b0   Section        0  los_swtmr.o(i.osSwTmrInit)
    i.osSwTmrStart                           0x08002350   Section        0  los_swtmr.o(i.osSwTmrStart)
    i.osSwTmrTask                            0x08002558   Section        0  los_swtmr.o(i.osSwTmrTask)
    i.osSwTmrTaskCreate                      0x0800259c   Section        0  los_swtmr.o(i.osSwTmrTaskCreate)
    i.osSwTmrTimeoutHandle                   0x080025e0   Section        0  los_swtmr.o(i.osSwTmrTimeoutHandle)
    osSwTmrTimeoutHandle                     0x080025e1   Thumb Code   120  los_swtmr.o(i.osSwTmrTimeoutHandle)
    i.osSwtmrDelete                          0x08002660   Section        0  los_swtmr.o(i.osSwtmrDelete)
    osSwtmrDelete                            0x08002661   Thumb Code    40  los_swtmr.o(i.osSwtmrDelete)
    i.osSwtmrScan                            0x08002690   Section        0  los_swtmr.o(i.osSwtmrScan)
    i.osTaskAdd2TimerList                    0x080026b4   Section        0  los_task.o(i.osTaskAdd2TimerList)
    i.osTaskEntry                            0x08002774   Section        0  los_task.o(i.osTaskEntry)
    i.osTaskExit                             0x080027a4   Section        0  los_hw.o(i.osTaskExit)
    i.osTaskInit                             0x080027ac   Section        0  los_task.o(i.osTaskInit)
    i.osTaskMonInit                          0x080028d4   Section        0  los_task.o(i.osTaskMonInit)
    i.osTaskScan                             0x08002904   Section        0  los_task.o(i.osTaskScan)
    i.osTaskSwitchCheck                      0x080029e0   Section        0  los_task.o(i.osTaskSwitchCheck)
    i.osTaskWait                             0x08002b64   Section        0  los_task.o(i.osTaskWait)
    i.osTaskWake                             0x08002bb0   Section        0  los_task.o(i.osTaskWake)
    i.osTickHandler                          0x08002bf8   Section        0  los_tick.o(i.osTickHandler)
    i.osTickStart                            0x08002c20   Section        0  los_hw_tick.o(i.osTickStart)
    i.osTimerListDelete                      0x08002cf0   Section        0  los_task.o(i.osTimerListDelete)
    i.osTimesliceCheck                       0x08002d38   Section        0  los_timeslice.o(i.osTimesliceCheck)
    i.osTimesliceInit                        0x08002d84   Section        0  los_timeslice.o(i.osTimesliceInit)
    i.osTskStackInit                         0x08002d94   Section        0  los_hw.o(i.osTskStackInit)
    i.rcu_clock_freq_get                     0x08002e24   Section        0  gd32f4xx_rcu.o(i.rcu_clock_freq_get)
    i.rcu_periph_clock_enable                0x08002f48   Section        0  gd32f4xx_rcu.o(i.rcu_periph_clock_enable)
    i.rcu_periph_reset_disable               0x08002f6c   Section        0  gd32f4xx_rcu.o(i.rcu_periph_reset_disable)
    i.rcu_periph_reset_enable                0x08002f90   Section        0  gd32f4xx_rcu.o(i.rcu_periph_reset_enable)
    i.system_clock_120m_irc16m               0x08002fb4   Section        0  system_gd32f4xx.o(i.system_clock_120m_irc16m)
    system_clock_120m_irc16m                 0x08002fb5   Thumb Code   238  system_gd32f4xx.o(i.system_clock_120m_irc16m)
    i.system_clock_config                    0x080030b0   Section        0  system_gd32f4xx.o(i.system_clock_config)
    system_clock_config                      0x080030b1   Thumb Code     8  system_gd32f4xx.o(i.system_clock_config)
    i.usart_baudrate_set                     0x080030b8   Section        0  gd32f4xx_usart.o(i.usart_baudrate_set)
    i.usart_data_transmit                    0x080031a8   Section        0  gd32f4xx_usart.o(i.usart_data_transmit)
    i.usart_deinit                           0x080031b0   Section        0  gd32f4xx_usart.o(i.usart_deinit)
    i.usart_enable                           0x0800328c   Section        0  gd32f4xx_usart.o(i.usart_enable)
    i.usart_receive_config                   0x08003296   Section        0  gd32f4xx_usart.o(i.usart_receive_config)
    i.usart_transmit_config                  0x080032a6   Section        0  gd32f4xx_usart.o(i.usart_transmit_config)
    .constdata                               0x080032b6   Section       20  los_hwi.o(.constdata)
    __FUNCTION__                             0x080032b6   Data          20  los_hwi.o(.constdata)
    LOS_HEAP_INFO                            0x080032cc   Section        8  los_startup_keil.o(LOS_HEAP_INFO)
    .data.vector                             0x20000000   Section     1024  los_hwi.o(.data.vector)
    .data                                    0x20000400   Section        4  dwt.o(.data)
    cpuclkfeq                                0x20000400   Data           4  dwt.o(.data)
    .data                                    0x20000404   Section        4  main.o(.data)
    .data                                    0x20000408   Section        4  system_gd32f4xx.o(.data)
    .data                                    0x2000040c   Section       97  gd32f450i_eval.o(.data)
    GPIO_PORT                                0x2000040c   Data          12  gd32f450i_eval.o(.data)
    GPIO_PIN                                 0x20000418   Data          12  gd32f450i_eval.o(.data)
    COM_CLK                                  0x20000424   Data           2  gd32f450i_eval.o(.data)
    COM_TX_PIN                               0x20000428   Data           4  gd32f450i_eval.o(.data)
    COM_RX_PIN                               0x2000042c   Data           4  gd32f450i_eval.o(.data)
    GPIO_CLK                                 0x20000430   Data           6  gd32f450i_eval.o(.data)
    KEY_PORT                                 0x20000438   Data          12  gd32f450i_eval.o(.data)
    KEY_PIN                                  0x20000444   Data          12  gd32f450i_eval.o(.data)
    KEY_CLK                                  0x20000450   Data           6  gd32f450i_eval.o(.data)
    KEY_EXTI_LINE                            0x20000458   Data          12  gd32f450i_eval.o(.data)
    KEY_PORT_SOURCE                          0x20000464   Data           3  gd32f450i_eval.o(.data)
    KEY_PIN_SOURCE                           0x20000467   Data           3  gd32f450i_eval.o(.data)
    KEY_IRQn                                 0x2000046a   Data           3  gd32f450i_eval.o(.data)
    .data                                    0x20000470   Section       12  usart.o(.data)
    COM_CLK                                  0x20000470   Data           2  usart.o(.data)
    COM_TX_PIN                               0x20000474   Data           4  usart.o(.data)
    COM_RX_PIN                               0x20000478   Data           4  usart.o(.data)
    .data                                    0x2000047c   Section        8  los_priqueue.o(.data)
    g_uwPriQueueBitmap                       0x20000480   Data           4  los_priqueue.o(.data)
    .data                                    0x20000484   Section       28  los_swtmr.o(.data)
    m_uwSwtimerRousesTime                    0x20000494   Data           4  los_swtmr.o(.data)
    m_pstRouses                              0x20000498   Data           4  los_swtmr.o(.data)
    m_pstRousesPrev                          0x2000049c   Data           4  los_swtmr.o(.data)
    .data                                    0x200004a0   Section       72  los_task.o(.data)
    .data                                    0x200004e8   Section       28  los_tick.o(.data)
    .data                                    0x20000504   Section        8  los_timeslice.o(.data)
    .data                                    0x2000050c   Section       12  los_mux.o(.data)
    .data                                    0x20000518   Section       12  los_queue.o(.data)
    .data                                    0x20000524   Section       12  los_sem.o(.data)
    .data                                    0x20000530   Section       16  los_heap.o(.data)
    g_uwAllocCount                           0x20000530   Data           4  los_heap.o(.data)
    g_uwFreeCount                            0x20000534   Data           4  los_heap.o(.data)
    g_uwCurHeapUsed                          0x20000538   Data           4  los_heap.o(.data)
    g_uwMaxHeapUsed                          0x2000053c   Data           4  los_heap.o(.data)
    .data                                    0x20000540   Section        4  los_memory.o(.data)
    .data                                    0x20000544   Section        4  los_init.o(.data)
    .data                                    0x20000548   Section        4  los_hwi.o(.data)
    .data                                    0x2000054c   Section        4  stdout.o(.data)
    .bss                                     0x20000550   Section       64  los_swtmr.o(.bss)
    .bss                                     0x20000590   Section      342  los_task.o(.bss)
    .bss                                     0x200006e8   Section     1024  los_hwi.o(.bss)
    LOS_HEAP                                 0x20000ae8   Section     1024  los_startup_keil.o(LOS_HEAP)
    __los_heap_base                          0x20000ae8   Data           0  los_startup_keil.o(LOS_HEAP)

    Global Symbols

    Symbol Name                              Value     Ov Type        Size  Object(Section)

    BuildAttributes$$THM_ISAv4$E$P$D$K$B$S$7EM$VFPi3$EXTD16$VFPS$VFMA$PE$A:L22UL41UL21$X:L11$S22US41US21$IEEE1$IW$USESV6$~STKCKD$USESV7$~SHL$OSPACE$ROPI$EBA8$MICROLIB$REQ8$PRES8$EABIv2 0x00000000   Number         0  anon$$obj.o ABSOLUTE
    __ARM_use_no_argv                        0x00000000   Number         0  main.o ABSOLUTE
    _printf_a                                0x00000000   Number         0  stubs.o ABSOLUTE
    _printf_c                                0x00000000   Number         0  stubs.o ABSOLUTE
    _printf_charcount                        0x00000000   Number         0  stubs.o ABSOLUTE
    _printf_d                                0x00000000   Number         0  stubs.o ABSOLUTE
    _printf_e                                0x00000000   Number         0  stubs.o ABSOLUTE
    _printf_f                                0x00000000   Number         0  stubs.o ABSOLUTE
    _printf_flags                            0x00000000   Number         0  stubs.o ABSOLUTE
    _printf_fp_dec                           0x00000000   Number         0  stubs.o ABSOLUTE
    _printf_fp_hex                           0x00000000   Number         0  stubs.o ABSOLUTE
    _printf_g                                0x00000000   Number         0  stubs.o ABSOLUTE
    _printf_i                                0x00000000   Number         0  stubs.o ABSOLUTE
    _printf_int_dec                          0x00000000   Number         0  stubs.o ABSOLUTE
    _printf_l                                0x00000000   Number         0  stubs.o ABSOLUTE
    _printf_lc                               0x00000000   Number         0  stubs.o ABSOLUTE
    _printf_ll                               0x00000000   Number         0  stubs.o ABSOLUTE
    _printf_lld                              0x00000000   Number         0  stubs.o ABSOLUTE
    _printf_lli                              0x00000000   Number         0  stubs.o ABSOLUTE
    _printf_llo                              0x00000000   Number         0  stubs.o ABSOLUTE
    _printf_llu                              0x00000000   Number         0  stubs.o ABSOLUTE
    _printf_llx                              0x00000000   Number         0  stubs.o ABSOLUTE
    _printf_longlong_dec                     0x00000000   Number         0  stubs.o ABSOLUTE
    _printf_longlong_hex                     0x00000000   Number         0  stubs.o ABSOLUTE
    _printf_longlong_oct                     0x00000000   Number         0  stubs.o ABSOLUTE
    _printf_ls                               0x00000000   Number         0  stubs.o ABSOLUTE
    _printf_mbtowc                           0x00000000   Number         0  stubs.o ABSOLUTE
    _printf_n                                0x00000000   Number         0  stubs.o ABSOLUTE
    _printf_o                                0x00000000   Number         0  stubs.o ABSOLUTE
    _printf_p                                0x00000000   Number         0  stubs.o ABSOLUTE
    _printf_percent                          0x00000000   Number         0  stubs.o ABSOLUTE
    _printf_pre_padding                      0x00000000   Number         0  stubs.o ABSOLUTE
    _printf_return_value                     0x00000000   Number         0  stubs.o ABSOLUTE
    _printf_s                                0x00000000   Number         0  stubs.o ABSOLUTE
    _printf_sizespec                         0x00000000   Number         0  stubs.o ABSOLUTE
    _printf_str                              0x00000000   Number         0  stubs.o ABSOLUTE
    _printf_truncate_signed                  0x00000000   Number         0  stubs.o ABSOLUTE
    _printf_truncate_unsigned                0x00000000   Number         0  stubs.o ABSOLUTE
    _printf_u                                0x00000000   Number         0  stubs.o ABSOLUTE
    _printf_wc                               0x00000000   Number         0  stubs.o ABSOLUTE
    _printf_wctomb                           0x00000000   Number         0  stubs.o ABSOLUTE
    _printf_widthprec                        0x00000000   Number         0  stubs.o ABSOLUTE
    _printf_x                                0x00000000   Number         0  stubs.o ABSOLUTE
    __cpp_initialize__aeabi_                  - Undefined Weak Reference
    __cxa_finalize                            - Undefined Weak Reference
    _clock_init                               - Undefined Weak Reference
    _microlib_exit                            - Undefined Weak Reference
    _BootVectors                             0x08000000   Data           0  los_startup_keil.o(RESET)
    Reset_Handler                            0x08000009   Thumb Code     0  los_startup_keil.o(RESET)
    __main                                   0x0800002d   Thumb Code     0  entry.o(.ARM.Collect$$$$00000000)
    _main_stk                                0x0800002d   Thumb Code     0  entry3.o(.ARM.Collect$$$$00000002)
    _main_scatterload                        0x08000031   Thumb Code     0  entry5.o(.ARM.Collect$$$$00000004)
    __main_after_scatterload                 0x08000035   Thumb Code     0  entry5.o(.ARM.Collect$$$$00000004)
    _main_clock                              0x08000035   Thumb Code     0  entry7b.o(.ARM.Collect$$$$00000008)
    _main_cpp_init                           0x08000035   Thumb Code     0  entry8b.o(.ARM.Collect$$$$0000000A)
    _main_init                               0x08000035   Thumb Code     0  entry9a.o(.ARM.Collect$$$$0000000B)
    __rt_final_cpp                           0x0800003d   Thumb Code     0  entry10a.o(.ARM.Collect$$$$0000000D)
    __rt_final_exit                          0x0800003d   Thumb Code     0  entry11a.o(.ARM.Collect$$$$0000000F)
    LOS_StartToRun                           0x08000041   Thumb Code     0  los_dispatch_keil.o(.text)
    LOS_IntLock                              0x0800008d   Thumb Code     0  los_dispatch_keil.o(.text)
    LOS_IntUnLock                            0x08000095   Thumb Code     0  los_dispatch_keil.o(.text)
    LOS_IntRestore                           0x0800009d   Thumb Code     0  los_dispatch_keil.o(.text)
    osTaskSchedule                           0x080000a3   Thumb Code     0  los_dispatch_keil.o(.text)
    osPendSV                                 0x080000ad   Thumb Code     0  los_dispatch_keil.o(.text)
    __aeabi_uldivmod                         0x0800012d   Thumb Code    98  uldiv.o(.text)
    __aeabi_memcpy                           0x0800018f   Thumb Code    36  memcpya.o(.text)
    __aeabi_memcpy4                          0x0800018f   Thumb Code     0  memcpya.o(.text)
    __aeabi_memcpy8                          0x0800018f   Thumb Code     0  memcpya.o(.text)
    __aeabi_memset                           0x080001b3   Thumb Code    14  memseta.o(.text)
    __aeabi_memset4                          0x080001b3   Thumb Code     0  memseta.o(.text)
    __aeabi_memset8                          0x080001b3   Thumb Code     0  memseta.o(.text)
    __aeabi_memclr                           0x080001c1   Thumb Code     4  memseta.o(.text)
    __aeabi_memclr4                          0x080001c1   Thumb Code     0  memseta.o(.text)
    __aeabi_memclr8                          0x080001c1   Thumb Code     0  memseta.o(.text)
    _memset$wrapper                          0x080001c5   Thumb Code    18  memseta.o(.text)
    __aeabi_llsl                             0x080001d7   Thumb Code    30  llshl.o(.text)
    _ll_shift_l                              0x080001d7   Thumb Code     0  llshl.o(.text)
    __aeabi_llsr                             0x080001f5   Thumb Code    32  llushr.o(.text)
    _ll_ushift_r                             0x080001f5   Thumb Code     0  llushr.o(.text)
    __scatterload                            0x08000215   Thumb Code    28  init.o(.text)
    __scatterload_rt2                        0x08000215   Thumb Code     0  init.o(.text)
    __decompress                             0x08000239   Thumb Code     0  __dczerorl2.o(.text)
    __decompress1                            0x08000239   Thumb Code    86  __dczerorl2.o(.text)
    Debug_USART1_UART_Init                   0x08000291   Thumb Code   154  usart.o(i.Debug_USART1_UART_Init)
    HardWare_Init                            0x08000341   Thumb Code    16  main.o(i.HardWare_Init)
    LOS_Align                                0x08000355   Thumb Code    28  los_misc.o(i.LOS_Align)
    LOS_KernelInit                           0x08000371   Thumb Code   180  los_init.o(i.LOS_KernelInit)
    LOS_MemAlloc                             0x08000531   Thumb Code    42  los_memory.o(i.LOS_MemAlloc)
    LOS_MemAllocAlign                        0x0800055b   Thumb Code    20  los_memory.o(i.LOS_MemAllocAlign)
    LOS_MemFree                              0x0800056f   Thumb Code    52  los_memory.o(i.LOS_MemFree)
    LOS_MemInit                              0x080005a5   Thumb Code   206  los_memory.o(i.LOS_MemInit)
    LOS_QueueCreate                          0x080006b1   Thumb Code   210  los_queue.o(i.LOS_QueueCreate)
    LOS_QueueReadCopy                        0x08000791   Thumb Code    54  los_queue.o(i.LOS_QueueReadCopy)
    LOS_QueueWriteCopy                       0x080007c7   Thumb Code    54  los_queue.o(i.LOS_QueueWriteCopy)
    LOS_Schedule                             0x080007fd   Thumb Code    56  los_hw.o(i.LOS_Schedule)
    LOS_Start                                0x0800083d   Thumb Code    38  los_init.o(i.LOS_Start)
    LOS_TaskCreate                           0x08000881   Thumb Code   140  los_task.o(i.LOS_TaskCreate)
    LOS_TaskCreateOnly                       0x0800091d   Thumb Code   364  los_task.o(i.LOS_TaskCreateOnly)
    LOS_TaskDelete                           0x08000aa5   Thumb Code   336  los_task.o(i.LOS_TaskDelete)
    LOS_TaskYield                            0x08000c1d   Thumb Code   134  los_task.o(i.LOS_TaskYield)
    LOS_TickCountGet                         0x08000cb1   Thumb Code     6  los_sys.o(i.LOS_TickCountGet)
    SystemInit                               0x08000cbd   Thumb Code   104  system_gd32f4xx.o(i.SystemInit)
    __0printf$8                              0x08000d35   Thumb Code    22  printf8.o(i.__0printf$8)
    __1printf$8                              0x08000d35   Thumb Code     0  printf8.o(i.__0printf$8)
    __2printf                                0x08000d35   Thumb Code     0  printf8.o(i.__0printf$8)
    __scatterload_copy                       0x08000d55   Thumb Code    14  handlers.o(i.__scatterload_copy)
    __scatterload_null                       0x08000d63   Thumb Code     2  handlers.o(i.__scatterload_null)
    __scatterload_zeroinit                   0x08000d65   Thumb Code    14  handlers.o(i.__scatterload_zeroinit)
    creat_main_task                          0x080011d9   Thumb Code    48  main.o(i.creat_main_task)
    delay10ms                                0x0800121d   Thumb Code    18  dwt.o(i.delay10ms)
    delayus                                  0x08001231   Thumb Code    78  dwt.o(i.delayus)
    dwt_delay_init                           0x0800128d   Thumb Code    34  dwt.o(i.dwt_delay_init)
    fputc                                    0x080012bd   Thumb Code    18  usart.o(i.fputc)
    gd_eval_led_init                         0x080012d5   Thumb Code    70  gd32f450i_eval.o(i.gd_eval_led_init)
    gd_eval_led_off                          0x08001329   Thumb Code    16  gd32f450i_eval.o(i.gd_eval_led_off)
    gd_eval_led_on                           0x08001341   Thumb Code    16  gd32f450i_eval.o(i.gd_eval_led_on)
    gpio_af_set                              0x08001359   Thumb Code    94  gd32f4xx_gpio.o(i.gpio_af_set)
    gpio_mode_set                            0x080013b7   Thumb Code    78  gd32f4xx_gpio.o(i.gpio_mode_set)
    gpio_output_options_set                  0x08001405   Thumb Code    66  gd32f4xx_gpio.o(i.gpio_output_options_set)
    liteos_task                              0x08001447   Thumb Code    82  main.o(i.liteos_task)
    main                                     0x08001499   Thumb Code    40  main.o(i.main)
    osAlarmHeapInfo                          0x080014c1   Thumb Code    36  los_heap.o(i.osAlarmHeapInfo)
    osAtomicBitsetClearBit                   0x080014e5   Thumb Code    36  los_slab.o(i.osAtomicBitsetClearBit)
    osAtomicBitsetFindClearAndSet            0x08001509   Thumb Code    80  los_slab.o(i.osAtomicBitsetFindClearAndSet)
    osAtomicBitsetGetBit                     0x08001559   Thumb Code    42  los_slab.o(i.osAtomicBitsetGetBit)
    osAtomicBitsetGetNumBits                 0x08001583   Thumb Code     6  los_slab.o(i.osAtomicBitsetGetNumBits)
    osAtomicBitsetInit                       0x08001589   Thumb Code    46  los_slab.o(i.osAtomicBitsetInit)
    osHeapAlloc                              0x080015b9   Thumb Code   292  los_heap.o(i.osHeapAlloc)
    osHeapAllocAlign                         0x08001721   Thumb Code    90  los_heap.o(i.osHeapAllocAlign)
    osHeapFree                               0x0800177d   Thumb Code   284  los_heap.o(i.osHeapFree)
    osHeapInit                               0x080018bd   Thumb Code    68  los_heap.o(i.osHeapInit)
    osHeapPrvGetNext                         0x08001901   Thumb Code    26  los_heap.o(i.osHeapPrvGetNext)
    osHeapStatisticsGet                      0x0800191d   Thumb Code    90  los_heap.o(i.osHeapStatisticsGet)
    osHwiDefaultHandler                      0x08001981   Thumb Code    30  los_hwi.o(i.osHwiDefaultHandler)
    osHwiInit                                0x080019bd   Thumb Code    58  los_hwi.o(i.osHwiInit)
    osIdleTask                               0x08001a09   Thumb Code     4  los_task.o(i.osIdleTask)
    osIdleTaskCreate                         0x08001a0d   Thumb Code    54  los_task.o(i.osIdleTaskCreate)
    osIntNumGet                              0x08001a59   Thumb Code     8  los_hwi.o(i.osIntNumGet)
    osInterrupt                              0x08001a61   Thumb Code    70  los_hwi.o(i.osInterrupt)
    osMemSystemInit                          0x08001ab1   Thumb Code    30  los_memory.o(i.osMemSystemInit)
    osMuxInit                                0x08001ad9   Thumb Code    82  los_mux.o(i.osMuxInit)
    osPriqueueDequeue                        0x08001b3d   Thumb Code    66  los_priqueue.o(i.osPriqueueDequeue)
    osPriqueueEnqueue                        0x08001b89   Thumb Code    64  los_priqueue.o(i.osPriqueueEnqueue)
    osPriqueueInit                           0x08001bd1   Thumb Code    64  los_priqueue.o(i.osPriqueueInit)
    osPriqueueSize                           0x08001c19   Thumb Code    36  los_priqueue.o(i.osPriqueueSize)
    osPriqueueTop                            0x08001c41   Thumb Code    32  los_priqueue.o(i.osPriqueueTop)
    osQueueInit                              0x08001d75   Thumb Code    96  los_queue.o(i.osQueueInit)
    osQueueOperate                           0x08001de5   Thumb Code   374  los_queue.o(i.osQueueOperate)
    osSchedule                               0x08001fed   Thumb Code     8  los_hw.o(i.osSchedule)
    osSemInit                                0x08001ff5   Thumb Code    80  los_sem.o(i.osSemInit)
    osSlabAllocatorAlloc                     0x08002055   Thumb Code    30  los_slab.o(i.osSlabAllocatorAlloc)
    osSlabAllocatorFree                      0x08002073   Thumb Code    72  los_slab.o(i.osSlabAllocatorFree)
    osSlabAllocatorNew                       0x080020bb   Thumb Code    92  los_slab.o(i.osSlabAllocatorNew)
    osSlabBlockHeadFill                      0x08002117   Thumb Code    18  los_slabmem.o(i.osSlabBlockHeadFill)
    osSlabCtrlHdrGet                         0x08002129   Thumb Code     8  los_memory.o(i.osSlabCtrlHdrGet)
    osSlabMemAlloc                           0x08002131   Thumb Code   160  los_slabmem.o(i.osSlabMemAlloc)
    osSlabMemFree                            0x080021d1   Thumb Code   116  los_slabmem.o(i.osSlabMemFree)
    osSlabMemInit                            0x08002245   Thumb Code   108  los_slabmem.o(i.osSlabMemInit)
    osSwTmrInit                              0x080022b1   Thumb Code   130  los_swtmr.o(i.osSwTmrInit)
    osSwTmrStart                             0x08002351   Thumb Code   506  los_swtmr.o(i.osSwTmrStart)
    osSwTmrTask                              0x08002559   Thumb Code    62  los_swtmr.o(i.osSwTmrTask)
    osSwTmrTaskCreate                        0x0800259d   Thumb Code    48  los_swtmr.o(i.osSwTmrTaskCreate)
    osSwtmrScan                              0x08002691   Thumb Code    32  los_swtmr.o(i.osSwtmrScan)
    osTaskAdd2TimerList                      0x080026b5   Thumb Code   188  los_task.o(i.osTaskAdd2TimerList)
    osTaskEntry                              0x08002775   Thumb Code    40  los_task.o(i.osTaskEntry)
    osTaskExit                               0x080027a5   Thumb Code     6  los_hw.o(i.osTaskExit)
    osTaskInit                               0x080027ad   Thumb Code   258  los_task.o(i.osTaskInit)
    osTaskMonInit                            0x080028d5   Thumb Code    32  los_task.o(i.osTaskMonInit)
    osTaskScan                               0x08002905   Thumb Code   214  los_task.o(i.osTaskScan)
    osTaskSwitchCheck                        0x080029e1   Thumb Code   238  los_task.o(i.osTaskSwitchCheck)
    osTaskWait                               0x08002b65   Thumb Code    72  los_task.o(i.osTaskWait)
    osTaskWake                               0x08002bb1   Thumb Code    70  los_task.o(i.osTaskWake)
    osTickHandler                            0x08002bf9   Thumb Code    34  los_tick.o(i.osTickHandler)
    osTickStart                              0x08002c21   Thumb Code   162  los_hw_tick.o(i.osTickStart)
    osTimerListDelete                        0x08002cf1   Thumb Code    66  los_task.o(i.osTimerListDelete)
    osTimesliceCheck                         0x08002d39   Thumb Code    64  los_timeslice.o(i.osTimesliceCheck)
    osTimesliceInit                          0x08002d85   Thumb Code    12  los_timeslice.o(i.osTimesliceInit)
    osTskStackInit                           0x08002d95   Thumb Code   134  los_hw.o(i.osTskStackInit)
    rcu_clock_freq_get                       0x08002e25   Thumb Code   264  gd32f4xx_rcu.o(i.rcu_clock_freq_get)
    rcu_periph_clock_enable                  0x08002f49   Thumb Code    32  gd32f4xx_rcu.o(i.rcu_periph_clock_enable)
    rcu_periph_reset_disable                 0x08002f6d   Thumb Code    32  gd32f4xx_rcu.o(i.rcu_periph_reset_disable)
    rcu_periph_reset_enable                  0x08002f91   Thumb Code    32  gd32f4xx_rcu.o(i.rcu_periph_reset_enable)
    usart_baudrate_set                       0x080030b9   Thumb Code   232  gd32f4xx_usart.o(i.usart_baudrate_set)
    usart_data_transmit                      0x080031a9   Thumb Code     8  gd32f4xx_usart.o(i.usart_data_transmit)
    usart_deinit                             0x080031b1   Thumb Code   210  gd32f4xx_usart.o(i.usart_deinit)
    usart_enable                             0x0800328d   Thumb Code    10  gd32f4xx_usart.o(i.usart_enable)
    usart_receive_config                     0x08003297   Thumb Code    16  gd32f4xx_usart.o(i.usart_receive_config)
    usart_transmit_config                    0x080032a7   Thumb Code    16  gd32f4xx_usart.o(i.usart_transmit_config)
    __LOS_HEAP_ADDR_START__                  0x080032cc   Data           0  los_startup_keil.o(LOS_HEAP_INFO)
    __LOS_HEAP_ADDR_END__                    0x080032d0   Data           0  los_startup_keil.o(LOS_HEAP_INFO)
    Region$$Table$$Base                      0x080032d4   Number         0  anon$$obj.o(Region$$Table)
    Region$$Table$$Limit                     0x08003304   Number         0  anon$$obj.o(Region$$Table)
    m_pstHwiForm                             0x20000000   Data        1024  los_hwi.o(.data.vector)
    g_TskHandle                              0x20000404   Data           4  main.o(.data)
    SystemCoreClock                          0x20000408   Data           4  system_gd32f4xx.o(.data)
    g_pstLosPriorityQueueList                0x2000047c   Data           4  los_priqueue.o(.data)
    m_uwSwTmrHandlerQueue                    0x20000484   Data           4  los_swtmr.o(.data)
    m_pstSwtmrCBArray                        0x20000488   Data           4  los_swtmr.o(.data)
    m_pstSwtmrFreeList                       0x2000048c   Data           4  los_swtmr.o(.data)
    m_pstSwtmrSortList                       0x20000490   Data           4  los_swtmr.o(.data)
    g_pstTaskCBArray                         0x200004a0   Data           4  los_task.o(.data)
    g_stLosTask                              0x200004a4   Data           8  los_task.o(.data)
    g_usLosTaskLock                          0x200004ac   Data           2  los_task.o(.data)
    g_uwTskMaxNum                            0x200004b0   Data           4  los_task.o(.data)
    g_uwIdleTaskID                           0x200004b4   Data           4  los_task.o(.data)
    g_uwSwtmrTaskID                          0x200004b8   Data           4  los_task.o(.data)
    g_stTaskTimerList                        0x200004bc   Data           8  los_task.o(.data)
    g_stLosFreeTask                          0x200004c4   Data           8  los_task.o(.data)
    g_stTskRecyleList                        0x200004cc   Data           8  los_task.o(.data)
    g_stTskSortLink                          0x200004d4   Data           8  los_task.o(.data)
    g_bTaskScheduled                         0x200004dc   Data           4  los_task.o(.data)
    g_pfnTskSwitchHook                       0x200004e0   Data           4  los_task.o(.data)
    g_pfnUsrTskSwitchHook                    0x200004e4   Data           4  los_task.o(.data)
    g_ullTickCount                           0x200004e8   Data           8  los_tick.o(.data)
    g_uwTicksPerSec                          0x200004f0   Data           4  los_tick.o(.data)
    g_uwCyclePerSec                          0x200004f4   Data           4  los_tick.o(.data)
    g_uwCyclesPerTick                        0x200004f8   Data           4  los_tick.o(.data)
    g_uwSysClock                             0x200004fc   Data           4  los_tick.o(.data)
    g_bSysTickStart                          0x20000500   Data           4  los_tick.o(.data)
    g_stTaskTimeSlice                        0x20000504   Data           8  los_timeslice.o(.data)
    g_pstAllMux                              0x2000050c   Data           4  los_mux.o(.data)
    g_stUnusedMuxList                        0x20000510   Data           8  los_mux.o(.data)
    g_pstAllQueue                            0x20000518   Data           4  los_queue.o(.data)
    g_stFreeQueueList                        0x2000051c   Data           8  los_queue.o(.data)
    g_stUnusedSemList                        0x20000524   Data           8  los_sem.o(.data)
    g_pstAllSem                              0x2000052c   Data           4  los_sem.o(.data)
    g_pPoolHead                              0x20000540   Data           4  los_memory.o(.data)
    m_aucSysMem0                             0x20000544   Data           4  los_init.o(.data)
    g_vuwIntCount                            0x20000548   Data           4  los_hwi.o(.data)
    __stdout                                 0x2000054c   Data           4  stdout.o(.data)
    m_uwSwTmrAlignID                         0x20000550   Data          64  los_swtmr.o(.bss)
    g_astTskSwitchInfo                       0x20000590   Data         342  los_task.o(.bss)
    m_pstHwiSlaveForm                        0x200006e8   Data        1024  los_hwi.o(.bss)
    Image$$ARM_LIB_STACKHEAP$$ZI$$Base       0x2002fc00   Number         0  anon$$obj.o ABSOLUTE
    Image$$ARM_LIB_STACKHEAP$$ZI$$Limit      0x20030000   Number         0  anon$$obj.o ABSOLUTE



==============================================================================

Memory Map of the image

  Image Entry point : 0x0800002d

  Load Region LR_IROM1 (Base: 0x08000000, Size: 0x00003854, Max: 0x00300000, ABSOLUTE, COMPRESSED[0x00003360])

    Execution Region ER_IROM1 (Base: 0x08000000, Size: 0x00003304, Max: 0x00300000, ABSOLUTE)

    Base Addr    Size         Type   Attr      Idx    E Section Name        Object

    0x08000000   0x0000002c   Code   RO            4    RESET               los_startup_keil.o
    0x0800002c   0x00000000   Code   RO         8199  * .ARM.Collect$$$$00000000  mc_w.l(entry.o)
    0x0800002c   0x00000004   Code   RO         8481    .ARM.Collect$$$$00000002  mc_w.l(entry3.o)
    0x08000030   0x00000004   Code   RO         8484    .ARM.Collect$$$$00000004  mc_w.l(entry5.o)
    0x08000034   0x00000000   Code   RO         8486    .ARM.Collect$$$$00000008  mc_w.l(entry7b.o)
    0x08000034   0x00000000   Code   RO         8488    .ARM.Collect$$$$0000000A  mc_w.l(entry8b.o)
    0x08000034   0x00000008   Code   RO         8489    .ARM.Collect$$$$0000000B  mc_w.l(entry9a.o)
    0x0800003c   0x00000000   Code   RO         8491    .ARM.Collect$$$$0000000D  mc_w.l(entry10a.o)
    0x0800003c   0x00000000   Code   RO         8493    .ARM.Collect$$$$0000000F  mc_w.l(entry11a.o)
    0x0800003c   0x00000004   Code   RO         8482    .ARM.Collect$$$$00002713  mc_w.l(entry3.o)
    0x08000040   0x000000ec   Code   RO         2704    .text               los_dispatch_keil.o
    0x0800012c   0x00000062   Code   RO         8202    .text               mc_w.l(uldiv.o)
    0x0800018e   0x00000024   Code   RO         8204    .text               mc_w.l(memcpya.o)
    0x080001b2   0x00000024   Code   RO         8206    .text               mc_w.l(memseta.o)
    0x080001d6   0x0000001e   Code   RO         8498    .text               mc_w.l(llshl.o)
    0x080001f4   0x00000020   Code   RO         8500    .text               mc_w.l(llushr.o)
    0x08000214   0x00000024   Code   RO         8511    .text               mc_w.l(init.o)
    0x08000238   0x00000056   Code   RO         8523    .text               mc_w.l(__dczerorl2.o)
    0x0800028e   0x00000002   PAD
    0x08000290   0x000000b0   Code   RO          445    i.Debug_USART1_UART_Init  usart.o
    0x08000340   0x00000014   Code   RO          216    i.HardWare_Init     main.o
    0x08000354   0x0000001c   Code   RO         2321    i.LOS_Align         los_misc.o
    0x08000370   0x0000011c   Code   RO         2412    i.LOS_KernelInit    los_init.o
    0x0800048c   0x0000000e   Code   RO         1202    i.LOS_ListAdd       los_task.o
    0x0800049a   0x0000000e   Code   RO         1655    i.LOS_ListAdd       los_mux.o
    0x080004a8   0x0000000e   Code   RO         1744    i.LOS_ListAdd       los_queue.o
    0x080004b6   0x0000000e   Code   RO         1877    i.LOS_ListAdd       los_sem.o
    0x080004c4   0x00000014   Code   RO         1203    i.LOS_ListDelete    los_task.o
    0x080004d8   0x00000010   Code   RO          935    i.LOS_ListEmpty     los_priqueue.o
    0x080004e8   0x00000010   Code   RO         1204    i.LOS_ListEmpty     los_task.o
    0x080004f8   0x00000010   Code   RO         1745    i.LOS_ListEmpty     los_queue.o
    0x08000508   0x00000006   Code   RO         1205    i.LOS_ListInit      los_task.o
    0x0800050e   0x00000006   Code   RO         1657    i.LOS_ListInit      los_mux.o
    0x08000514   0x00000006   Code   RO         1746    i.LOS_ListInit      los_queue.o
    0x0800051a   0x00000006   Code   RO         1879    i.LOS_ListInit      los_sem.o
    0x08000520   0x00000010   Code   RO         1206    i.LOS_ListTailInsert  los_task.o
    0x08000530   0x0000002a   Code   RO         2034    i.LOS_MemAlloc      los_memory.o
    0x0800055a   0x00000014   Code   RO         2035    i.LOS_MemAllocAlign  los_memory.o
    0x0800056e   0x00000034   Code   RO         2037    i.LOS_MemFree       los_memory.o
    0x080005a2   0x00000002   PAD
    0x080005a4   0x0000010c   Code   RO         2039    i.LOS_MemInit       los_memory.o
    0x080006b0   0x000000e0   Code   RO         1747    i.LOS_QueueCreate   los_queue.o
    0x08000790   0x00000036   Code   RO         1751    i.LOS_QueueReadCopy  los_queue.o
    0x080007c6   0x00000036   Code   RO         1753    i.LOS_QueueWriteCopy  los_queue.o
    0x080007fc   0x00000040   Code   RO         2542    i.LOS_Schedule      los_hw.o
    0x0800083c   0x00000044   Code   RO         2414    i.LOS_Start         los_init.o
    0x08000880   0x0000009c   Code   RO         1209    i.LOS_TaskCreate    los_task.o
    0x0800091c   0x00000188   Code   RO         1210    i.LOS_TaskCreateOnly  los_task.o
    0x08000aa4   0x00000178   Code   RO         1212    i.LOS_TaskDelete    los_task.o
    0x08000c1c   0x00000094   Code   RO         1225    i.LOS_TaskYield     los_task.o
    0x08000cb0   0x0000000c   Code   RO         1145    i.LOS_TickCountGet  los_sys.o
    0x08000cbc   0x00000078   Code   RO          302    i.SystemInit        system_gd32f4xx.o
    0x08000d34   0x00000020   Code   RO         8419    i.__0printf$8       mc_w.l(printf8.o)
    0x08000d54   0x0000000e   Code   RO         8517    i.__scatterload_copy  mc_w.l(handlers.o)
    0x08000d62   0x00000002   Code   RO         8518    i.__scatterload_null  mc_w.l(handlers.o)
    0x08000d64   0x0000000e   Code   RO         8519    i.__scatterload_zeroinit  mc_w.l(handlers.o)
    0x08000d72   0x00000002   PAD
    0x08000d74   0x00000410   Code   RO         8426    i._printf_core      mc_w.l(printf8.o)
    0x08001184   0x00000024   Code   RO         8427    i._printf_post_padding  mc_w.l(printf8.o)
    0x080011a8   0x0000002e   Code   RO         8428    i._printf_pre_padding  mc_w.l(printf8.o)
    0x080011d6   0x00000002   PAD
    0x080011d8   0x00000044   Code   RO          217    i.creat_main_task   main.o
    0x0800121c   0x00000012   Code   RO           12    i.delay10ms         dwt.o
    0x0800122e   0x00000002   PAD
    0x08001230   0x0000005c   Code   RO           13    i.delayus           dwt.o
    0x0800128c   0x00000030   Code   RO           14    i.dwt_delay_init    dwt.o
    0x080012bc   0x00000018   Code   RO          446    i.fputc             usart.o
    0x080012d4   0x00000054   Code   RO          350    i.gd_eval_led_init  gd32f450i_eval.o
    0x08001328   0x00000018   Code   RO          351    i.gd_eval_led_off   gd32f450i_eval.o
    0x08001340   0x00000018   Code   RO          352    i.gd_eval_led_on    gd32f450i_eval.o
    0x08001358   0x0000005e   Code   RO         4693    i.gpio_af_set       gd32f4xx_gpio.o
    0x080013b6   0x0000004e   Code   RO         4701    i.gpio_mode_set     gd32f4xx_gpio.o
    0x08001404   0x00000042   Code   RO         4703    i.gpio_output_options_set  gd32f4xx_gpio.o
    0x08001446   0x00000052   Code   RO          218    i.liteos_task       main.o
    0x08001498   0x00000028   Code   RO          219    i.main              main.o
    0x080014c0   0x00000024   Code   RO         1960    i.osAlarmHeapInfo   los_heap.o
    0x080014e4   0x00000024   Code   RO         2121    i.osAtomicBitsetClearBit  los_slab.o
    0x08001508   0x00000050   Code   RO         2123    i.osAtomicBitsetFindClearAndSet  los_slab.o
    0x08001558   0x0000002a   Code   RO         2124    i.osAtomicBitsetGetBit  los_slab.o
    0x08001582   0x00000006   Code   RO         2241    i.osAtomicBitsetGetNumBits  los_slab.o
    0x08001588   0x0000002e   Code   RO         2126    i.osAtomicBitsetInit  los_slab.o
    0x080015b6   0x00000002   PAD
    0x080015b8   0x00000168   Code   RO         1961    i.osHeapAlloc       los_heap.o
    0x08001720   0x0000005a   Code   RO         1962    i.osHeapAllocAlign  los_heap.o
    0x0800177a   0x00000002   PAD
    0x0800177c   0x00000140   Code   RO         1963    i.osHeapFree        los_heap.o
    0x080018bc   0x00000044   Code   RO         1966    i.osHeapInit        los_heap.o
    0x08001900   0x0000001a   Code   RO         1967    i.osHeapPrvGetNext  los_heap.o
    0x0800191a   0x00000002   PAD
    0x0800191c   0x00000064   Code   RO         1968    i.osHeapStatisticsGet  los_heap.o
    0x08001980   0x0000003c   Code   RO         2638    i.osHwiDefaultHandler  los_hwi.o
    0x080019bc   0x0000004c   Code   RO         2639    i.osHwiInit         los_hwi.o
    0x08001a08   0x00000004   Code   RO         1229    i.osIdleTask        los_task.o
    0x08001a0c   0x0000004c   Code   RO         1230    i.osIdleTaskCreate  los_task.o
    0x08001a58   0x00000008   Code   RO         2640    i.osIntNumGet       los_hwi.o
    0x08001a60   0x00000050   Code   RO         2641    i.osInterrupt       los_hwi.o
    0x08001ab0   0x00000028   Code   RO         2043    i.osMemSystemInit   los_memory.o
    0x08001ad8   0x00000064   Code   RO         1662    i.osMuxInit         los_mux.o
    0x08001b3c   0x0000004c   Code   RO          936    i.osPriqueueDequeue  los_priqueue.o
    0x08001b88   0x00000048   Code   RO          937    i.osPriqueueEnqueue  los_priqueue.o
    0x08001bd0   0x00000048   Code   RO          938    i.osPriqueueInit    los_priqueue.o
    0x08001c18   0x00000028   Code   RO          939    i.osPriqueueSize    los_priqueue.o
    0x08001c40   0x00000028   Code   RO          940    i.osPriqueueTop     los_priqueue.o
    0x08001c68   0x0000010c   Code   RO         1756    i.osQueueBufferOperate  los_queue.o
    0x08001d74   0x00000070   Code   RO         1757    i.osQueueInit       los_queue.o
    0x08001de4   0x00000188   Code   RO         1760    i.osQueueOperate    los_queue.o
    0x08001f6c   0x0000003c   Code   RO         1761    i.osQueueReadParameterCheck  los_queue.o
    0x08001fa8   0x00000038   Code   RO         1762    i.osQueueWriteParameterCheck  los_queue.o
    0x08001fe0   0x0000000c   Code   RO         2416    i.osRegister        los_init.o
    0x08001fec   0x00000008   Code   RO         2544    i.osSchedule        los_hw.o
    0x08001ff4   0x00000060   Code   RO         1885    i.osSemInit         los_sem.o
    0x08002054   0x0000001e   Code   RO         2127    i.osSlabAllocatorAlloc  los_slab.o
    0x08002072   0x00000048   Code   RO         2131    i.osSlabAllocatorFree  los_slab.o
    0x080020ba   0x0000005c   Code   RO         2138    i.osSlabAllocatorNew  los_slab.o
    0x08002116   0x00000012   Code   RO         2255    i.osSlabBlockHeadFill  los_slabmem.o
    0x08002128   0x00000008   Code   RO         2044    i.osSlabCtrlHdrGet  los_memory.o
    0x08002130   0x000000a0   Code   RO         2257    i.osSlabMemAlloc    los_slabmem.o
    0x080021d0   0x00000074   Code   RO         2260    i.osSlabMemFree     los_slabmem.o
    0x08002244   0x0000006c   Code   RO         2261    i.osSlabMemInit     los_slabmem.o
    0x080022b0   0x000000a0   Code   RO         1023    i.osSwTmrInit       los_swtmr.o
    0x08002350   0x00000208   Code   RO         1024    i.osSwTmrStart      los_swtmr.o
    0x08002558   0x00000044   Code   RO         1025    i.osSwTmrTask       los_swtmr.o
    0x0800259c   0x00000044   Code   RO         1026    i.osSwTmrTaskCreate  los_swtmr.o
    0x080025e0   0x00000080   Code   RO         1027    i.osSwTmrTimeoutHandle  los_swtmr.o
    0x08002660   0x00000030   Code   RO         1029    i.osSwtmrDelete     los_swtmr.o
    0x08002690   0x00000024   Code   RO         1030    i.osSwtmrScan       los_swtmr.o
    0x080026b4   0x000000c0   Code   RO         1231    i.osTaskAdd2TimerList  los_task.o
    0x08002774   0x00000030   Code   RO         1232    i.osTaskEntry       los_task.o
    0x080027a4   0x00000006   Code   RO         2545    i.osTaskExit        los_hw.o
    0x080027aa   0x00000002   PAD
    0x080027ac   0x00000128   Code   RO         1233    i.osTaskInit        los_task.o
    0x080028d4   0x00000030   Code   RO         1234    i.osTaskMonInit     los_task.o
    0x08002904   0x000000dc   Code   RO         1236    i.osTaskScan        los_task.o
    0x080029e0   0x00000184   Code   RO         1237    i.osTaskSwitchCheck  los_task.o
    0x08002b64   0x0000004c   Code   RO         1238    i.osTaskWait        los_task.o
    0x08002bb0   0x00000046   Code   RO         1239    i.osTaskWake        los_task.o
    0x08002bf6   0x00000002   PAD
    0x08002bf8   0x00000028   Code   RO         1496    i.osTickHandler     los_tick.o
    0x08002c20   0x000000d0   Code   RO         2593    i.osTickStart       los_hw_tick.o
    0x08002cf0   0x00000048   Code   RO         1240    i.osTimerListDelete  los_task.o
    0x08002d38   0x0000004c   Code   RO         1540    i.osTimesliceCheck  los_timeslice.o
    0x08002d84   0x00000010   Code   RO         1541    i.osTimesliceInit   los_timeslice.o
    0x08002d94   0x00000090   Code   RO         2546    i.osTskStackInit    los_hw.o
    0x08002e24   0x00000124   Code   RO         5464    i.rcu_clock_freq_get  gd32f4xx_rcu.o
    0x08002f48   0x00000024   Code   RO         5483    i.rcu_periph_clock_enable  gd32f4xx_rcu.o
    0x08002f6c   0x00000024   Code   RO         5486    i.rcu_periph_reset_disable  gd32f4xx_rcu.o
    0x08002f90   0x00000024   Code   RO         5487    i.rcu_periph_reset_enable  gd32f4xx_rcu.o
    0x08002fb4   0x000000fc   Code   RO          303    i.system_clock_120m_irc16m  system_gd32f4xx.o
    0x080030b0   0x00000008   Code   RO          304    i.system_clock_config  system_gd32f4xx.o
    0x080030b8   0x000000f0   Code   RO         7346    i.usart_baudrate_set  gd32f4xx_usart.o
    0x080031a8   0x00000008   Code   RO         7351    i.usart_data_transmit  gd32f4xx_usart.o
    0x080031b0   0x000000dc   Code   RO         7352    i.usart_deinit      gd32f4xx_usart.o
    0x0800328c   0x0000000a   Code   RO         7356    i.usart_enable      gd32f4xx_usart.o
    0x08003296   0x00000010   Code   RO         7382    i.usart_receive_config  gd32f4xx_usart.o
    0x080032a6   0x00000010   Code   RO         7397    i.usart_transmit_config  gd32f4xx_usart.o
    0x080032b6   0x00000014   Data   RO         2643    .constdata          los_hwi.o
    0x080032ca   0x00000002   PAD
    0x080032cc   0x00000008   Data   RO            3    LOS_HEAP_INFO       los_startup_keil.o
    0x080032d4   0x00000030   Data   RO         8515    Region$$Table       anon$$obj.o


    Execution Region VECTOR (Base: 0x20000000, Size: 0x00000400, Max: 0x00000400, ABSOLUTE, COMPRESSED[0x00000018])

    Base Addr    Size         Type   Attr      Idx    E Section Name        Object

    0x20000000   0x00000400   Data   RW         2645    .data.vector        los_hwi.o


    Execution Region RW_IRAM1 (Base: 0x20000400, Size: 0x00000ae8, Max: 0x0002f800, ABSOLUTE, COMPRESSED[0x00000044])

    Base Addr    Size         Type   Attr      Idx    E Section Name        Object

    0x20000400   0x00000004   Data   RW           15    .data               dwt.o
    0x20000404   0x00000004   Data   RW          220    .data               main.o
    0x20000408   0x00000004   Data   RW          305    .data               system_gd32f4xx.o
    0x2000040c   0x00000061   Data   RW          354    .data               gd32f450i_eval.o
    0x2000046d   0x00000003   PAD
    0x20000470   0x0000000c   Data   RW          447    .data               usart.o
    0x2000047c   0x00000008   Data   RW          942    .data               los_priqueue.o
    0x20000484   0x0000001c   Data   RW         1034    .data               los_swtmr.o
    0x200004a0   0x00000048   Data   RW         1243    .data               los_task.o
    0x200004e8   0x0000001c   Data   RW         1497    .data               los_tick.o
    0x20000504   0x00000008   Data   RW         1542    .data               los_timeslice.o
    0x2000050c   0x0000000c   Data   RW         1663    .data               los_mux.o
    0x20000518   0x0000000c   Data   RW         1763    .data               los_queue.o
    0x20000524   0x0000000c   Data   RW         1886    .data               los_sem.o
    0x20000530   0x00000010   Data   RW         1969    .data               los_heap.o
    0x20000540   0x00000004   Data   RW         2045    .data               los_memory.o
    0x20000544   0x00000004   Data   RW         2417    .data               los_init.o
    0x20000548   0x00000004   Data   RW         2644    .data               los_hwi.o
    0x2000054c   0x00000004   Data   RW         8495    .data               mc_w.l(stdout.o)
    0x20000550   0x00000040   Zero   RW         1033    .bss                los_swtmr.o
    0x20000590   0x00000156   Zero   RW         1241    .bss                los_task.o
    0x200006e6   0x00000002   PAD
    0x200006e8   0x00000400   Zero   RW         2642    .bss                los_hwi.o
    0x20000ae8   0x00000400   Zero   RW            2    LOS_HEAP            los_startup_keil.o


    Execution Region ARM_LIB_STACKHEAP (Base: 0x2002fc00, Size: 0x00000400, Max: 0x00000400, ABSOLUTE)

    Base Addr    Size         Type   Attr      Idx    E Section Name        Object

    0x2002fc00   0x00000400   Zero   RW            1    ARM_LIB_STACKHEAP.bss  anon$$obj.o


==============================================================================

Image component sizes


      Code (inc. data)   RO Data    RW Data    ZI Data      Debug   Object Name

         0          0          0          0          0       9416   cmsis_liteos.o
       158         28          0          4          0      43275   dwt.o
       132         30          0         97          0       2502   gd32f450i_eval.o
       238          0          0          0          0       2548   gd32f4xx_gpio.o
       400         40          0          0          0       3564   gd32f4xx_rcu.o
       510         18          0          0          0       4288   gd32f4xx_usart.o
       236         24          0          0          0        436   los_dispatch_keil.o
      1000        114          0         16          0       7398   los_heap.o
       222         18          0          0          0       2890   los_hw.o
       208         46          0          0          0      30577   los_hw_tick.o
       224         58         20       1028       1024      39831   los_hwi.o
       364        138          0          4          0       2436   los_init.o
       430         72          0          4          0       4878   los_memory.o
        28          0          0          0          0        644   los_misc.o
       120         18          0         12          0      11920   los_mux.o
       316         38          0          8          0      13770   los_priqueue.o
      1256        108          0         12          0      11968   los_queue.o
       116         16          0         12          0       3284   los_sem.o
       404          0          0          0          0       6782   los_slab.o
       402          0          0          0          0       4119   los_slabmem.o
        44         22          8          0       1024        292   los_startup_keil.o
      1028         90          0         28         64       7306   los_swtmr.o
        12          6          0          0          0        539   los_sys.o
      2634        352          0         72        342      25732   los_task.o
        40          6          0         28          0       1036   los_tick.o
        92         16          0          8          0       1353   los_timeslice.o
       210         24          0          4          0      12061   main.o
       380         30          0          4          0       1911   system_gd32f4xx.o
       200         28          0         12          0       2189   usart.o

    ----------------------------------------------------------------------
     11418       1340         78       1356       3480     258945   Object Totals
         0          0         48          0       1024          0   (incl. Generated)
        14          0          2          3          2          0   (incl. Padding)

    ----------------------------------------------------------------------

      Code (inc. data)   RO Data    RW Data    ZI Data      Debug   Library Member Name

        86          0          0          0          0          0   __dczerorl2.o
         0          0          0          0          0          0   entry.o
         0          0          0          0          0          0   entry10a.o
         0          0          0          0          0          0   entry11a.o
         8          4          0          0          0          0   entry3.o
         4          0          0          0          0          0   entry5.o
         0          0          0          0          0          0   entry7b.o
         0          0          0          0          0          0   entry8b.o
         8          4          0          0          0          0   entry9a.o
        30          0          0          0          0          0   handlers.o
        36          8          0          0          0         68   init.o
        30          0          0          0          0         68   llshl.o
        32          0          0          0          0         68   llushr.o
        36          0          0          0          0         68   memcpya.o
        36          0          0          0          0        108   memseta.o
      1154         54          0          0          0        352   printf8.o
         0          0          0          4          0          0   stdout.o
        98          0          0          0          0         92   uldiv.o

    ----------------------------------------------------------------------
      1564         70          0          4          0        824   Library Totals
         6          0          0          0          0          0   (incl. Padding)

    ----------------------------------------------------------------------

      Code (inc. data)   RO Data    RW Data    ZI Data      Debug   Library Name

      1558         70          0          4          0        824   mc_w.l

    ----------------------------------------------------------------------
      1564         70          0          4          0        824   Library Totals

    ----------------------------------------------------------------------

==============================================================================


      Code (inc. data)   RO Data    RW Data    ZI Data      Debug   

     12982       1410         78       1360       3480     248189   Grand Totals
     12982       1410         78         92       3480     248189   ELF Image Totals (compressed)
     12982       1410         78         92          0          0   ROM Totals

==============================================================================

    Total RO  Size (Code + RO Data)                13060 (  12.75kB)
    Total RW  Size (RW Data + ZI Data)              4840 (   4.73kB)
    Total ROM Size (Code + RO Data + RW Data)      13152 (  12.84kB)

==============================================================================

